BL51 BANKED LINKER/LOCATER V6.22                                                        01/26/2021  18:03:21  PAGE 1


BL51 BANKED LINKER/LOCATER V6.22, INVOKED BY:
C:\KEIL_V5\C51\BIN\BL51.EXE .\Objects\STARTUP.obj, .\Objects\flash.obj, .\Objects\main.obj, .\Objects\oled.obj, .\Object
>> s\rtc.obj, .\Objects\internal_iic.obj, .\Objects\adc.obj, .\Objects\Terminal.obj, .\Objects\morse.obj, .\Objects\alar
>> m.obj, .\Objects\settings.obj, .\Objects\music.obj, .\Objects\menu.obj, .\Objects\serial.obj TO .\Objects\watch PRINT
>>  (.\Listings\watch.m51) RAMSIZE (256) CODE (0X0000-0XFFF8) XDATA (0X0000-0X1FFF)


MEMORY MODEL: LARGE


INPUT MODULES INCLUDED:
  .\Objects\STARTUP.obj (?C_STARTUP)
  .\Objects\flash.obj (FLASH)
  .\Objects\main.obj (MAIN)
  .\Objects\oled.obj (OLED)
  .\Objects\rtc.obj (RTC)
  .\Objects\internal_iic.obj (INTERNAL_IIC)
  .\Objects\adc.obj (ADC)
  .\Objects\Terminal.obj (TERMINAL)
  .\Objects\morse.obj (MORSE)
  .\Objects\alarm.obj (ALARM)
  .\Objects\settings.obj (SETTINGS)
  .\Objects\music.obj (MUSIC)
  .\Objects\menu.obj (MENU)
  .\Objects\serial.obj (SERIAL)
  C:\KEIL_V5\C51\LIB\C51L.LIB (?C_INIT)
  C:\KEIL_V5\C51\LIB\C51L.LIB (?C?COPY)
  C:\KEIL_V5\C51\LIB\C51L.LIB (?C?SCDIV)
  C:\KEIL_V5\C51\LIB\C51L.LIB (?C?CLDPTR)
  C:\KEIL_V5\C51\LIB\C51L.LIB (?C?CLDOPTR)
  C:\KEIL_V5\C51\LIB\C51L.LIB (?C?CSTPTR)
  C:\KEIL_V5\C51\LIB\C51L.LIB (?C?CSTOPTR)
  C:\KEIL_V5\C51\LIB\C51L.LIB (?C?IMUL)
  C:\KEIL_V5\C51\LIB\C51L.LIB (?C?UIDIV)
  C:\KEIL_V5\C51\LIB\C51L.LIB (?C?IILDX)
  C:\KEIL_V5\C51\LIB\C51L.LIB (?C?ILDIX)
  C:\KEIL_V5\C51\LIB\C51L.LIB (?C?ILDOPTR)
  C:\KEIL_V5\C51\LIB\C51L.LIB (?C?ISTOPTR)
  C:\KEIL_V5\C51\LIB\C51L.LIB (?C?LMUL)
  C:\KEIL_V5\C51\LIB\C51L.LIB (?C?ULDIV)
  C:\KEIL_V5\C51\LIB\C51L.LIB (?C?SLDIV)
  C:\KEIL_V5\C51\LIB\C51L.LIB (?C?ULCMP)
  C:\KEIL_V5\C51\LIB\C51L.LIB (?C?ULSHR)
  C:\KEIL_V5\C51\LIB\C51L.LIB (?C?LSTXDATA)
  C:\KEIL_V5\C51\LIB\C51L.LIB (?C?LSTKXDATA)
  C:\KEIL_V5\C51\LIB\C51L.LIB (?C?PLDOPTR)
  C:\KEIL_V5\C51\LIB\C51L.LIB (?C?ICALL)
  C:\KEIL_V5\C51\LIB\C51L.LIB (?C?LIMUL)
  C:\KEIL_V5\C51\LIB\C51L.LIB (PRINTF)
  C:\KEIL_V5\C51\LIB\C51L.LIB (ABS)
  C:\KEIL_V5\C51\LIB\C51L.LIB (?C?STRCMP)
  C:\KEIL_V5\C51\LIB\C51L.LIB (STRLEN)
  C:\KEIL_V5\C51\LIB\C51L.LIB (?C?MEMSET)
  C:\KEIL_V5\C51\LIB\C51L.LIB (?C?PLDIDATA)
  C:\KEIL_V5\C51\LIB\C51L.LIB (?C?PLDXDATA)
  C:\KEIL_V5\C51\LIB\C51L.LIB (?C?PLDIXDATA)
  C:\KEIL_V5\C51\LIB\C51L.LIB (?C?PSTXDATA)
  C:\KEIL_V5\C51\LIB\C51L.LIB (?C?PLDPDATA)
BL51 BANKED LINKER/LOCATER V6.22                                                      01/26/2021  18:03:21  PAGE 2


  C:\KEIL_V5\C51\LIB\C51L.LIB (?C?PLDCODE)
  C:\KEIL_V5\C51\LIB\C51L.LIB (?C?CCASE)
  C:\KEIL_V5\C51\LIB\C51L.LIB (PUTCHAR)


LINK MAP OF MODULE:  .\Objects\watch (?C_STARTUP)


            TYPE    BASE      LENGTH    RELOCATION   SEGMENT NAME
            -----------------------------------------------------

            * * * * * * *   D A T A   M E M O R Y   * * * * * * *
            REG     0000H     0008H     ABSOLUTE     "REG BANK 0"
            DATA    0008H     0005H     UNIT         _DATA_GROUP_
            IDATA   000DH     0010H     UNIT         ?ID?OLED
                    001DH     0003H                  *** GAP ***
            BIT     0020H.0   0001H.2   UNIT         ?BI?MAIN
            BIT     0021H.2   0001H.2   UNIT         _BIT_GROUP_
            BIT     0022H.4   0000H.3   UNIT         ?BI?SERIAL
            BIT     0022H.7   0000H.1   UNIT         ?BI?FLASH
            BIT     0023H.0   0000H.1   UNIT         ?BI?TERMINAL
            BIT     0023H.1   0000H.1   UNIT         ?BI?MORSE
                    0023H.2   0000H.6                *** GAP ***
            IDATA   0024H     0006H     UNIT         _IDATA_GROUP_
            IDATA   002AH     0001H     UNIT         ?STACK

            * * * * * * *  X D A T A   M E M O R Y  * * * * * * *
            XDATA   0000H     0D8CH     UNIT         ?XD?OLED
            XDATA   0D8CH     0209H     UNIT         ?XD?MENU
            XDATA   0F95H     014FH     UNIT         _XDATA_GROUP_
            XDATA   10E4H     003EH     UNIT         ?XD?TERMINAL
            XDATA   1122H     003EH     UNIT         ?XD?MORSE
            XDATA   1160H     0027H     UNIT         ?XD?MAIN
            XDATA   1187H     001CH     UNIT         ?XD?RTC
            XDATA   11A3H     0011H     UNIT         ?XD?ALARM
            XDATA   11B4H     000BH     UNIT         ?XD?_SERIAL1_GETDATA?SERIAL
            XDATA   11BFH     000BH     UNIT         ?XD?_SERIAL2_GETDATA?SERIAL
            XDATA   11CAH     0009H     UNIT         ?XD?_OLED_DRAW_LINE?OLED
            XDATA   11D3H     0006H     UNIT         ?XD?SETTINGS
            XDATA   11D9H     0003H     UNIT         ?XD?_ISINT?TERMINAL
            XDATA   11DCH     0003H     UNIT         ?XD?SERIAL
            XDATA   11DFH     0001H     UNIT         ?XD?_RTC_OFFSET?RTC
            XDATA   11E0H     0001H     UNIT         ?XD?RTC_ALARM_ENABLED?ALARM
            XDATA   11E1H     0001H     UNIT         ?XD?_RF_SET_POWER?SERIAL

            * * * * * * *   C O D E   M E M O R Y   * * * * * * *
            CODE    0000H     0003H     ABSOLUTE     
            CODE    0003H     0003H     ABSOLUTE     
            CODE    0006H     0005H     UNIT         ?PR?TERMINAL_SET_BIG_FONT?TERMINAL
            CODE    000BH     0003H     ABSOLUTE     
            CODE    000EH     0001H     UNIT         ?PR?HANDLESTROVERFLOW?MORSE
            CODE    000FH     0001H     UNIT         ?PR?HANDLENOTFOUND?MORSE
                    0010H     0003H                  *** GAP ***
            CODE    0013H     0003H     ABSOLUTE     
                    0016H     0005H                  *** GAP ***
            CODE    001BH     0003H     ABSOLUTE     
                    001EH     0005H                  *** GAP ***
BL51 BANKED LINKER/LOCATER V6.22                                                      01/26/2021  18:03:21  PAGE 3


            CODE    0023H     0003H     ABSOLUTE     
            CODE    0026H     001DH     UNIT         ?PR?_OLED_DRAWVLINE?OLED
            CODE    0043H     0003H     ABSOLUTE     
            CODE    0046H     0015H     UNIT         ?PR?_DELAY?RTC
            CODE    005BH     0003H     ABSOLUTE     
            CODE    005EH     1234H     UNIT         ?CO?OLED
            CODE    1292H     069FH     UNIT         ?C?LIB_CODE
            CODE    1931H     052EH     UNIT         ?C_INITSEG
            CODE    1E5FH     04C0H     UNIT         ?CO?MUSIC
            CODE    231FH     0422H     UNIT         ?CO?RTC
            CODE    2741H     03B0H     UNIT         ?PR?OLED_PROC_SPRITES?OLED
            CODE    2AF1H     0387H     UNIT         ?PR?OLED
            CODE    2E78H     036BH     UNIT         ?PR?CLASS_MANAGER?ALARM
            CODE    31E3H     0365H     UNIT         ?PR?PRINTF?PRINTF
            CODE    3548H     035BH     UNIT         ?PR?TIMEMODE?RTC
            CODE    38A3H     0317H     UNIT         ?PR?TIMEMODE_PAGE1?RTC
            CODE    3BBAH     0256H     UNIT         ?PR?TIMER0_ISR?MAIN
            CODE    3E10H     021DH     UNIT         ?PR?_OLED_FILL_RECT?OLED
            CODE    402DH     0206H     UNIT         ?PR?_OLED_DRAW_BITMAP_FAST?OLED
            CODE    4233H     01D2H     UNIT         ?PR?MAIN?MAIN
            CODE    4405H     0186H     UNIT         ?CO?ALARM
            CODE    458BH     015AH     UNIT         ?PR?_MENU_START?MENU
            CODE    46E5H     0152H     UNIT         ?PR?_OLED_DRAW_LINE?OLED
            CODE    4837H     013FH     UNIT         ?PR?_OLED_SPRITE_CHANGE_STR_GB2312?OLED
            CODE    4976H     0139H     UNIT         ?CO?MORSE
            CODE    4AAFH     0134H     UNIT         ?PR?ALERT_COUNTDOWN?RTC
            CODE    4BE3H     0133H     UNIT         ?PR?_TIME_TO_STR?RTC
            CODE    4D16H     0133H     UNIT         ?PR?_DATE_COUNTDOWN?RTC
            CODE    4E49H     0124H     UNIT         ?PR?RTC
            CODE    4F6DH     011EH     UNIT         ?PR?_DRAWTICKERNUM?RTC
            CODE    508BH     010EH     UNIT         ?PR?TERMINALMODE?TERMINAL
            CODE    5199H     010DH     UNIT         ?PR?_COMMAND_FLASH_PROGRAM?FLASH
            CODE    52A6H     00FCH     UNIT         ?PR?CLASS_UPDATE?ALARM
            CODE    53A2H     00EEH     UNIT         ?PR?MORSEUPDATE?MORSE
            CODE    5490H     00E6H     UNIT         ?PR?ALARM
            CODE    5576H     00D7H     UNIT         ?PR?_COMMAND_MARIO?MUSIC
            CODE    564DH     00D6H     UNIT         ?PR?_PRINT_CLASS?ALARM
            CODE    5723H     00C7H     UNIT         ?PR?_PROC_COMMAND?TERMINAL
            CODE    57EAH     00C1H     UNIT         ?PR?_RTC_READ_TIME?RTC
            CODE    58ABH     00B4H     UNIT         ?PR?_COMMAND_IIC_READ16?INTERNAL_IIC
            CODE    595FH     009CH     UNIT         ?PR?ADCUPDATE?ADC
            CODE    59FBH     009BH     UNIT         ?PR?_OLED_SPRITE_CHANGE_PIC?OLED
            CODE    5A96H     0097H     UNIT         ?PR?_COMMAND_IIC_WRITE16?INTERNAL_IIC
            CODE    5B2DH     008EH     UNIT         ?PR?REQ_PASSWORD?MENU
            CODE    5BBBH     008CH     UNIT         ?C_C51STARTUP
            CODE    5C47H     008AH     UNIT         ?PR?FINDMORSE?MORSE
            CODE    5CD1H     0084H     UNIT         ?CO?TERMINAL
            CODE    5D55H     0084H     UNIT         ?PR?_MENU_ASK_NUM?MENU
            CODE    5DD9H     0083H     UNIT         ?PR?_RTC_SET_TIME?RTC
            CODE    5E5CH     0081H     UNIT         ?PR?_ADC_GET_VOLTAGE?ADC
            CODE    5EDDH     0080H     UNIT         ?PR?TERMINAL
            CODE    5F5DH     007EH     UNIT         ?PR?_RTC_SET_ALARM?ALARM
            CODE    5FDBH     007DH     UNIT         ?PR?MENU_ROLL?MENU
            CODE    6058H     007CH     UNIT         ?PR?_OLED_SPRITE_CHANGE_STR_6X8?OLED
            CODE    60D4H     007BH     UNIT         ?PR?_FLASH_WRITE?FLASH
            CODE    614FH     007BH     UNIT         ?PR?SERIAL
            CODE    61CAH     0079H     UNIT         ?PR?_COMMAND_IIC_READ?INTERNAL_IIC
BL51 BANKED LINKER/LOCATER V6.22                                                      01/26/2021  18:03:21  PAGE 4


            CODE    6243H     0079H     UNIT         ?PR?_COMMAND_IIC_WRITE?INTERNAL_IIC
            CODE    62BCH     0079H     UNIT         ?PR?MENU
            CODE    6335H     0073H     UNIT         ?PR?_SERIAL1_GETDATA?SERIAL
            CODE    63A8H     0071H     UNIT         ?PR?_COMMAND_IIC_CHECK?INTERNAL_IIC
            CODE    6419H     006FH     UNIT         ?PR?UART1_ISR?MAIN
            CODE    6488H     006EH     UNIT         ?PR?MAIN
            CODE    64F6H     006EH     UNIT         ?PR?_TERMINAL_ADD_TOP?TERMINAL
            CODE    6564H     006CH     UNIT         ?PR?_POP_MSG?MENU
            CODE    65D0H     0067H     UNIT         ?CO?MAIN
            CODE    6637H     0062H     UNIT         ?PR?_GETHEX8?TERMINAL
            CODE    6699H     0060H     UNIT         ?PR?_FLASH_READ?FLASH
            CODE    66F9H     005EH     UNIT         ?PR?_BEEP?MUSIC
            CODE    6757H     005AH     UNIT         ?PR?_COMMAND_ALARM?ALARM
            CODE    67B1H     0059H     UNIT         ?PR?_MENU_ADD?MENU
            CODE    680AH     0058H     UNIT         ?PR?_CLASS_GET_DAY?ALARM
            CODE    6862H     0055H     UNIT         ?PR?_GETINT?TERMINAL
            CODE    68B7H     0054H     UNIT         ?PR?_SERIAL2_GETDATA?SERIAL
            CODE    690BH     0053H     UNIT         ?PR?GPUUPDATE?MAIN
            CODE    695EH     004FH     UNIT         ?PR?_TERMINAL_ADD_BOTTOM?TERMINAL
            CODE    69ADH     004EH     UNIT         ?PR?_OLED_DRAW_6X8?OLED
            CODE    69FBH     004DH     UNIT         ?PR?_OLED_DRAW_DOT?OLED
            CODE    6A48H     004DH     UNIT         ?PR?_CLASS_READ?ALARM
            CODE    6A95H     004CH     UNIT         ?PR?_COMMAND_SET_DEADLINE?RTC
            CODE    6AE1H     0048H     UNIT         ?CO?ADC
            CODE    6B29H     0047H     UNIT         ?PR?OLED_INIT_SPRITES?OLED
            CODE    6B70H     0047H     UNIT         ?PR?RTC_GET_ALARM?ALARM
            CODE    6BB7H     0045H     UNIT         ?PR?OLED_SEND_BUFFER?OLED
            CODE    6BFCH     0045H     UNIT         ?PR?_INT_IIC_READ?INTERNAL_IIC
            CODE    6C41H     0045H     UNIT         ?PR?INTERNAL_IIC
            CODE    6C86H     0044H     UNIT         ?C?LDIV
            CODE    6CCAH     0043H     UNIT         ?PR?FLASH
            CODE    6D0DH     0043H     UNIT         ?PR?_INT_IIC_WRITE?INTERNAL_IIC
            CODE    6D50H     0043H     UNIT         ?PR?_CLASS_REMOVE?ALARM
            CODE    6D93H     0041H     UNIT         ?PR?_GET_PTR?MENU
            CODE    6DD4H     003EH     UNIT         ?PR?POWEROFF?MAIN
            CODE    6E12H     003DH     UNIT         ?PR?_OLED_SPRITE_CHANGE_6X8?OLED
            CODE    6E4FH     003DH     UNIT         ?PR?_OLED_SPRITE_MOVE_DIRECT?OLED
            CODE    6E8CH     003CH     UNIT         ?PR?_CLASS_WRITE?ALARM
            CODE    6EC8H     003CH     UNIT         ?PR?_CLASS_ADD?ALARM
            CODE    6F04H     003CH     UNIT         ?PR?_RF_SET_POWER?SERIAL
            CODE    6F40H     003BH     UNIT         ?PR?_OLED_SPRITE_CHANGE_GB2312?OLED
            CODE    6F7BH     003BH     UNIT         ?PR?_RF_SET_CHANNEL?SERIAL
            CODE    6FB6H     0039H     UNIT         ?PR?_TERMINAL_ADD_CHR?TERMINAL
            CODE    6FEFH     0037H     UNIT         ?CO?SERIAL
            CODE    7026H     0036H     UNIT         ?PR?OLED_INIT?OLED
            CODE    705CH     0036H     UNIT         ?PR?MENU_INIT?MENU
            CODE    7092H     0035H     UNIT         ?CO?FLASH
            CODE    70C7H     0035H     UNIT         ?PR?MORSE
            CODE    70FCH     0034H     UNIT         ?CO?INTERNAL_IIC
            CODE    7130H     0033H     UNIT         ?PR?SERIAL_INIT?SERIAL
            CODE    7163H     0032H     UNIT         ?PR?_DELAY10MS?MAIN
            CODE    7195H     0031H     UNIT         ?PR?INT3_ISR?MAIN
            CODE    71C6H     0031H     UNIT         ?PR?MENU_ASK_CLASS_TYPE?ALARM
            CODE    71F7H     0030H     UNIT         ?PR?SERIAL2_READ?SERIAL
            CODE    7227H     002FH     UNIT         ?PR?INT0_ISR?MAIN
            CODE    7256H     002FH     UNIT         ?PR?INT1_ISR?MAIN
            CODE    7285H     002FH     UNIT         ?PR?RTC_ALARM_ENABLED?ALARM
BL51 BANKED LINKER/LOCATER V6.22                                                      01/26/2021  18:03:21  PAGE 5


            CODE    72B4H     002EH     UNIT         ?PR?_RF_SET_RFID?SERIAL
            CODE    72E2H     002EH     UNIT         ?PR?_RF_SET_DVID?SERIAL
            CODE    7310H     002CH     UNIT         ?PR?_ISINT?TERMINAL
            CODE    733CH     002BH     UNIT         ?PR?SETTINGS_LOAD?SETTINGS
            CODE    7367H     002AH     UNIT         ?PR?_CLASSEQU?ALARM
            CODE    7391H     0029H     UNIT         ?PR?_MENU_ASK_YN?MENU
            CODE    73BAH     0027H     UNIT         ?PR?_TERMINAL_MODIFY?TERMINAL
            CODE    73E1H     0027H     UNIT         ?PR?MENU_INVERSE_REFRESH?MENU
            CODE    7408H     0027H     UNIT         ?PR?UART2ISR?SERIAL
            CODE    742FH     0027H     UNIT         ?PR?PUTCHAR?PUTCHAR
            CODE    7456H     0026H     UNIT         ?CO?MENU
            CODE    747CH     0023H     UNIT         ?PR?_INT_IIC_READ_ADDR?INTERNAL_IIC
            CODE    749FH     0022H     UNIT         ?PR?_OLED_SPRITE_MOVE?OLED
            CODE    74C1H     0021H     UNIT         ?PR?_OLED_SPRITE_MOVE_ALL_DOWN?OLED
            CODE    74E2H     0020H     UNIT         ?PR?FLASH_CHK_ID?FLASH
            CODE    7502H     0020H     UNIT         ?PR?_CLASS_ERASE?ALARM
            CODE    7522H     001FH     UNIT         ?PR?_OLED_SPRITE_MOVE_ALL_UP?OLED
            CODE    7541H     001FH     UNIT         ?PR?_CLASS_SEND?ALARM
            CODE    7560H     001DH     UNIT         ?PR?_OLED_DRAWHLINE?OLED
            CODE    757DH     001CH     UNIT         ?PR?_FLASH_ERASE_SECTOR?FLASH
            CODE    7599H     001CH     UNIT         ?PR?RTC_ENABLE_ALARM?ALARM
            CODE    75B5H     001BH     UNIT         ?PR?_SPISHIFT?FLASH
            CODE    75D0H     001AH     UNIT         ?PR?KEYCLEAR?MAIN
            CODE    75EAH     001AH     UNIT         ?PR?_GETADC?ADC
            CODE    7604H     0019H     UNIT         ?PR?_RTC_OFFSET?RTC
            CODE    761DH     0019H     UNIT         ?PR?_INT_IIC_WRITE_ADDR?INTERNAL_IIC
            CODE    7636H     0019H     UNIT         ?PR?ADC
            CODE    764FH     0019H     UNIT         ?PR?SETTINGS_SAVE?SETTINGS
            CODE    7668H     0019H     UNIT         ?PR?ALERT?MUSIC
            CODE    7681H     0018H     UNIT         ?PR?_HAS_GB2312?OLED
            CODE    7699H     0018H     UNIT         ?PR?_SERIAL1_SENDSTR?SERIAL
            CODE    76B1H     0016H     UNIT         ?PR?OLED_CLEAR_BUFFER?OLED
            CODE    76C7H     0016H     UNIT         ?PR?OLED_CLEAR_SPRITES?OLED
            CODE    76DDH     0016H     UNIT         ?PR?_TERMINAL_GET_ARR?TERMINAL
            CODE    76F3H     0016H     UNIT         ?PR?_SERIAL2_SENDSTR?SERIAL
            CODE    7709H     0015H     UNIT         ?PR?_STRLEN?STRLEN
            CODE    771EH     0014H     UNIT         ?PR?_OLED_INVERSE?OLED
            CODE    7732H     0014H     UNIT         ?PR?INT_IIC_STOP?INTERNAL_IIC
            CODE    7746H     0014H     UNIT         ?PR?_INT_IIC_CHECK_DEVICE?INTERNAL_IIC
            CODE    775AH     0014H     UNIT         ?PR?SETTINGS_DEFAULT?SETTINGS
            CODE    776EH     0014H     UNIT         ?PR?SETTINGS
            CODE    7782H     0013H     UNIT         ?PR?TIMER0INIT?MAIN
            CODE    7795H     0013H     UNIT         ?PR?TIMER1INIT?MAIN
            CODE    77A8H     0013H     UNIT         ?PR?OLED_SPRITE_FIND?OLED
            CODE    77BBH     0012H     UNIT         ?PR?MENU_END?MENU
            CODE    77CDH     0011H     UNIT         ?PR?DELAY5US?INTERNAL_IIC
            CODE    77DEH     0010H     UNIT         ?PR?FLASH_CHIP_ERASE?FLASH
            CODE    77EEH     0010H     UNIT         ?PR?_DEC_TO_BCD?RTC
            CODE    77FEH     0010H     UNIT         ?PR?RF_ENABLE?SERIAL
            CODE    780EH     000FH     UNIT         ?PR?FLASHWRITEENABLE?FLASH
            CODE    781DH     000FH     UNIT         ?PR?_OLED_REMOVE_SPRITE?OLED
            CODE    782CH     000FH     UNIT         ?PR?_BCD_TO_DEC?RTC
            CODE    783BH     000DH     UNIT         ?PR?_OLED_WR_CMD?OLED
            CODE    7848H     000DH     UNIT         ?PR?_OLED_WR_DAT?OLED
            CODE    7855H     000DH     UNIT         ?PR?INT_IIC_START?INTERNAL_IIC
            CODE    7862H     000CH     UNIT         ?PR?FLASH_CHK_BUSY?FLASH
            CODE    786EH     000CH     UNIT         ?PR?_MAX?OLED
BL51 BANKED LINKER/LOCATER V6.22                                                      01/26/2021  18:03:21  PAGE 6


            CODE    787AH     000CH     UNIT         ?PR?_MIN?OLED
            CODE    7886H     000CH     UNIT         ?PR?_OLED_SPRITE_GET_WIDTH?OLED
            CODE    7892H     000CH     UNIT         ?PR?_ABS?ABS
            CODE    789EH     000BH     UNIT         ?PR?FLASH_INIT?FLASH
            CODE    78A9H     000BH     UNIT         ?PR?_COMMAND_ENABLE_SERIAL?TERMINAL
            CODE    78B4H     000BH     UNIT         ?PR?_SERIAL2_SEND?SERIAL
            CODE    78BFH     000AH     UNIT         ?PR?MUSIC
            CODE    78C9H     0009H     UNIT         ?PR?TERMINAL_INIT?TERMINAL
            CODE    78D2H     0009H     UNIT         ?PR?RTC_CLEAR_ALARM_FLAG?ALARM
            CODE    78DBH     0009H     UNIT         ?PR?_SERIAL_SET_TIMEOUT?SERIAL
            CODE    78E4H     0008H     UNIT         ?PR?_OLED_SPRITE_GET_HEIGHT?OLED
            CODE    78ECH     0006H     UNIT         ?PR?_OLED_ENABLE_INVERSE?OLED
            CODE    78F2H     0006H     UNIT         ?PR?_TERMINAL_SET_LINES?TERMINAL
                    78F8H     84FFH                  *** GAP ***
            CODE    FDF7H     0002H     ABSOLUTE     



OVERLAY MAP OF MODULE:   .\Objects\watch (?C_STARTUP)


SEGMENT                                            BIT_GROUP          DATA_GROUP          IDATA_GROUP         XDATA_GROU
>> P
  +--> CALLED SEGMENT                           START    LENGTH     START    LENGTH     START    LENGTH     START    LEN
>> GTH
------------------------------------------------------------------------------------------------------------------------
>> ---
?C_C51STARTUP                                   -----    -----      -----    -----      -----    -----      -----    ---
>> --
  +--> ?PR?MAIN?MAIN
  +--> ?C_INITSEG

?PR?MAIN?MAIN                                   -----    -----      -----    -----      -----    -----      0F95H    000
>> 1H
  +--> ?PR?TIMER0INIT?MAIN
  +--> ?PR?FLASH_INIT?FLASH
  +--> ?PR?SETTINGS_LOAD?SETTINGS
  +--> ?PR?SERIAL_INIT?SERIAL
  +--> ?PR?_SERIAL_SET_TIMEOUT?SERIAL
  +--> ?PR?OLED_INIT?OLED
  +--> ?PR?TIMER1INIT?MAIN
  +--> ?PR?OLED_INIT_SPRITES?OLED
  +--> ?PR?RTC_CLEAR_ALARM_FLAG?ALARM
  +--> ?PR?CLASS_UPDATE?ALARM
  +--> ?CO?MAIN
  +--> ?PR?_SERIAL1_SENDSTR?SERIAL
  +--> ?PR?MENU_INIT?MENU
  +--> ?PR?_MENU_ADD?MENU
  +--> ?PR?TIMEMODE?RTC
  +--> ?PR?CLASS_MANAGER?ALARM
  +--> ?PR?OLED_CLEAR_SPRITES?OLED
  +--> ?PR?_PRINT_CLASS?ALARM
  +--> ?PR?_OLED_SPRITE_CHANGE_GB2312?OLED
  +--> ?PR?KEYCLEAR?MAIN
  +--> ?PR?_MENU_ASK_YN?MENU
  +--> ?PR?SETTINGS_SAVE?SETTINGS
  +--> ?PR?ALERT_COUNTDOWN?RTC
BL51 BANKED LINKER/LOCATER V6.22                                                      01/26/2021  18:03:21  PAGE 7


  +--> ?PR?_MENU_ASK_NUM?MENU
  +--> ?PR?ALERT?MUSIC
  +--> ?PR?RF_ENABLE?SERIAL
  +--> ?PR?_SERIAL2_SENDSTR?SERIAL
  +--> ?PR?_RF_SET_RFID?SERIAL
  +--> ?PR?_RF_SET_DVID?SERIAL
  +--> ?PR?_RF_SET_CHANNEL?SERIAL
  +--> ?PR?_MENU_START?MENU
  +--> ?PR?_DELAY10MS?MAIN

?PR?FLASH_INIT?FLASH                            -----    -----      -----    -----      -----    -----      -----    ---
>> --
  +--> ?PR?FLASH_CHK_ID?FLASH

?PR?FLASH_CHK_ID?FLASH                          -----    -----      -----    -----      -----    -----      -----    ---
>> --
  +--> ?PR?FLASH
  +--> ?PR?_SPISHIFT?FLASH

?PR?FLASH                                       -----    -----      -----    -----      -----    -----      -----    ---
>> --
  +--> ?PR?_SPISHIFT?FLASH

?PR?SETTINGS_LOAD?SETTINGS                      -----    -----      -----    -----      -----    -----      -----    ---
>> --
  +--> ?PR?SETTINGS
  +--> ?PR?_FLASH_READ?FLASH
  +--> ?PR?SETTINGS_DEFAULT?SETTINGS
  +--> ?PR?SETTINGS_SAVE?SETTINGS

?PR?_FLASH_READ?FLASH                           -----    -----      -----    -----      -----    -----      10B0H    000
>> BH
  +--> ?PR?FLASH_CHK_BUSY?FLASH
  +--> ?PR?_SPISHIFT?FLASH
  +--> ?PR?FLASH

?PR?FLASH_CHK_BUSY?FLASH                        -----    -----      -----    -----      -----    -----      -----    ---
>> --
  +--> ?PR?FLASH

?PR?SETTINGS_SAVE?SETTINGS                      -----    -----      -----    -----      -----    -----      -----    ---
>> --
  +--> ?PR?SETTINGS
  +--> ?PR?_FLASH_ERASE_SECTOR?FLASH
  +--> ?PR?_FLASH_WRITE?FLASH

?PR?_FLASH_ERASE_SECTOR?FLASH                   -----    -----      -----    -----      -----    -----      0FADH    000
>> 4H
  +--> ?PR?FLASHWRITEENABLE?FLASH
  +--> ?PR?_SPISHIFT?FLASH

?PR?FLASHWRITEENABLE?FLASH                      -----    -----      -----    -----      -----    -----      -----    ---
>> --
  +--> ?PR?FLASH_CHK_BUSY?FLASH
  +--> ?PR?_SPISHIFT?FLASH

?PR?_FLASH_WRITE?FLASH                          -----    -----      -----    -----      -----    -----      109EH    000
BL51 BANKED LINKER/LOCATER V6.22                                                      01/26/2021  18:03:21  PAGE 8


>> BH
  +--> ?PR?FLASH
  +--> ?PR?FLASHWRITEENABLE?FLASH
  +--> ?PR?_SPISHIFT?FLASH

?PR?OLED_INIT?OLED                              -----    -----      -----    -----      -----    -----      -----    ---
>> --
  +--> ?CO?OLED
  +--> ?PR?_OLED_WR_CMD?OLED
  +--> ?PR?OLED

?PR?OLED                                        -----    -----      -----    -----      -----    -----      -----    ---
>> --
  +--> ?CO?OLED

?PR?OLED_INIT_SPRITES?OLED                      -----    -----      -----    -----      -----    -----      -----    ---
>> --
  +--> ?PR?OLED

?PR?RTC_CLEAR_ALARM_FLAG?ALARM                  -----    -----      -----    -----      -----    -----      -----    ---
>> --
  +--> ?PR?_INT_IIC_WRITE_ADDR?INTERNAL_IIC

?PR?_INT_IIC_WRITE_ADDR?INTERNAL_IIC            -----    -----      -----    -----      -----    -----      -----    ---
>> --
  +--> ?PR?INT_IIC_START?INTERNAL_IIC
  +--> ?PR?_INT_IIC_WRITE?INTERNAL_IIC
  +--> ?PR?INT_IIC_STOP?INTERNAL_IIC

?PR?INT_IIC_START?INTERNAL_IIC                  -----    -----      -----    -----      -----    -----      -----    ---
>> --
  +--> ?PR?DELAY5US?INTERNAL_IIC

?PR?_INT_IIC_WRITE?INTERNAL_IIC                 0021H.3  0000H.1    -----    -----      -----    -----      -----    ---
>> --
  +--> ?PR?DELAY5US?INTERNAL_IIC
  +--> ?PR?INTERNAL_IIC

?PR?INTERNAL_IIC                                -----    -----      -----    -----      -----    -----      -----    ---
>> --
  +--> ?PR?DELAY5US?INTERNAL_IIC
  +--> ?CO?INTERNAL_IIC

?PR?INT_IIC_STOP?INTERNAL_IIC                   -----    -----      -----    -----      -----    -----      -----    ---
>> --
  +--> ?PR?_INT_IIC_READ?INTERNAL_IIC
  +--> ?PR?DELAY5US?INTERNAL_IIC

?PR?_INT_IIC_READ?INTERNAL_IIC                  -----    -----      -----    -----      -----    -----      -----    ---
>> --
  +--> ?PR?INTERNAL_IIC
  +--> ?PR?DELAY5US?INTERNAL_IIC

?PR?CLASS_UPDATE?ALARM                          -----    -----      -----    -----      -----    -----      0FA2H    000
>> DH
  +--> ?PR?_RTC_READ_TIME?RTC
  +--> ?PR?ALARM
BL51 BANKED LINKER/LOCATER V6.22                                                      01/26/2021  18:03:21  PAGE 9


  +--> ?PR?RTC_ENABLE_ALARM?ALARM
  +--> ?PR?_RTC_SET_ALARM?ALARM
  +--> ?PR?_CLASS_GET_DAY?ALARM

?PR?_RTC_READ_TIME?RTC                          -----    -----      -----    -----      -----    -----      0FAFH    000
>> 3H
  +--> ?PR?RTC
  +--> ?PR?INT_IIC_START?INTERNAL_IIC
  +--> ?PR?_INT_IIC_WRITE?INTERNAL_IIC
  +--> ?PR?_DELAY?RTC
  +--> ?PR?_INT_IIC_READ?INTERNAL_IIC
  +--> ?PR?_BCD_TO_DEC?RTC
  +--> ?PR?INT_IIC_STOP?INTERNAL_IIC

?PR?ALARM                                       -----    -----      -----    -----      -----    -----      -----    ---
>> --
  +--> ?CO?ALARM

?PR?RTC_ENABLE_ALARM?ALARM                      0021H.2  0000H.1    -----    -----      -----    -----      -----    ---
>> --
  +--> ?PR?INT_IIC_START?INTERNAL_IIC
  +--> ?PR?_INT_IIC_WRITE?INTERNAL_IIC
  +--> ?PR?INT_IIC_STOP?INTERNAL_IIC

?PR?_RTC_SET_ALARM?ALARM                        -----    -----      -----    -----      -----    -----      0FAFH    000
>> 3H
  +--> ?PR?INT_IIC_START?INTERNAL_IIC
  +--> ?PR?_INT_IIC_WRITE?INTERNAL_IIC
  +--> ?PR?_DEC_TO_BCD?RTC
  +--> ?PR?ALARM
  +--> ?PR?INT_IIC_STOP?INTERNAL_IIC
  +--> ?PR?RTC_ENABLE_ALARM?ALARM

?PR?_DEC_TO_BCD?RTC                             -----    -----      -----    -----      -----    -----      -----    ---
>> --
  +--> ?PR?RTC

?PR?_CLASS_GET_DAY?ALARM                        -----    -----      -----    -----      -----    -----      0FAFH    000
>> 6H
  +--> ?PR?ALARM
  +--> ?PR?_CLASS_READ?ALARM

?PR?_CLASS_READ?ALARM                           -----    -----      -----    -----      -----    -----      0FB5H    000
>> 7H
  +--> ?PR?ALARM
  +--> ?PR?_FLASH_READ?FLASH

?PR?MENU_INIT?MENU                              -----    -----      -----    -----      -----    -----      -----    ---
>> --
  +--> ?CO?MENU

?PR?_MENU_ADD?MENU                              -----    -----      -----    -----      -----    -----      0FADH    000
>> 3H
  +--> ?PR?MENU

?PR?TIMEMODE?RTC                                -----    -----      -----    -----      -----    -----      -----    ---
>> --
BL51 BANKED LINKER/LOCATER V6.22                                                      01/26/2021  18:03:21  PAGE 10


  +--> ?PR?RTC_CLEAR_ALARM_FLAG?ALARM
  +--> ?PR?ALERT?MUSIC
  +--> ?PR?ALERT_COUNTDOWN?RTC
  +--> ?PR?CLASS_UPDATE?ALARM
  +--> ?PR?OLED_CLEAR_BUFFER?OLED
  +--> ?PR?RTC
  +--> ?PR?_RTC_READ_TIME?RTC
  +--> ?PR?TIMEMODE_PAGE1?RTC
  +--> ?PR?OLED_SEND_BUFFER?OLED
  +--> ?PR?_PRINT_CLASS?ALARM
  +--> ?PR?_DATE_COUNTDOWN?RTC
  +--> ?CO?RTC
  +--> ?PR?PRINTF?PRINTF
  +--> ?PR?_OLED_SPRITE_CHANGE_GB2312?OLED
  +--> ?PR?OLED_CLEAR_SPRITES?OLED
  +--> ?PR?_DELAY10MS?MAIN
  +--> ?PR?TERMINALMODE?TERMINAL
  +--> ?PR?_OLED_ENABLE_INVERSE?OLED
  +--> ?PR?_OLED_INVERSE?OLED
  +--> ?PR?_TIME_TO_STR?RTC
  +--> ?PR?_OLED_SPRITE_CHANGE_6X8?OLED
  +--> ?PR?_RTC_SET_TIME?RTC

?PR?ALERT?MUSIC                                 -----    -----      -----    -----      -----    -----      -----    ---
>> --
  +--> ?PR?_BEEP?MUSIC
  +--> ?PR?_DELAY10MS?MAIN

?PR?_DELAY10MS?MAIN                             -----    -----      -----    -----      -----    -----      109EH    000
>> 8H
  +--> ?PR?MAIN

?PR?ALERT_COUNTDOWN?RTC                         -----    -----      -----    -----      -----    -----      0F96H    000
>> 2H
  +--> ?CO?RTC
  +--> ?PR?_TERMINAL_ADD_BOTTOM?TERMINAL
  +--> ?PR?RTC
  +--> ?PR?_RTC_READ_TIME?RTC
  +--> ?PR?_TIME_TO_STR?RTC
  +--> ?PR?ALERT?MUSIC
  +--> ?PR?PRINTF?PRINTF
  +--> ?PR?_TERMINAL_MODIFY?TERMINAL
  +--> ?PR?_DELAY10MS?MAIN
  +--> ?PR?OLED_CLEAR_SPRITES?OLED
  +--> ?PR?_BEEP?MUSIC
  +--> ?PR?_OLED_REMOVE_SPRITE?OLED
  +--> ?CO?OLED
  +--> ?PR?_OLED_SPRITE_CHANGE_PIC?OLED
  +--> ?PR?_INT_IIC_READ_ADDR?INTERNAL_IIC
  +--> ?PR?_BCD_TO_DEC?RTC

?PR?_TERMINAL_ADD_BOTTOM?TERMINAL               -----    -----      -----    -----      -----    -----      109EH    000
>> 3H
  +--> ?PR?TERMINAL
  +--> ?PR?_OLED_SPRITE_MOVE_DIRECT?OLED
  +--> ?PR?_HAS_GB2312?OLED
  +--> ?PR?_OLED_SPRITE_CHANGE_STR_GB2312?OLED
BL51 BANKED LINKER/LOCATER V6.22                                                      01/26/2021  18:03:21  PAGE 11


  +--> ?PR?_OLED_SPRITE_CHANGE_STR_6X8?OLED
  +--> ?PR?_OLED_SPRITE_GET_HEIGHT?OLED
  +--> ?PR?_OLED_SPRITE_MOVE_ALL_UP?OLED

?PR?TERMINAL                                    -----    -----      -----    -----      -----    -----      -----    ---
>> --
  +--> ?PR?_TERMINAL_GET_ARR?TERMINAL

?PR?_OLED_SPRITE_MOVE_DIRECT?OLED               -----    -----      -----    -----      -----    -----      -----    ---
>> --
  +--> ?PR?OLED

?PR?_HAS_GB2312?OLED                            -----    -----      -----    -----      -----    -----      10A1H    000
>> 3H
  +--> ?PR?OLED

?PR?_OLED_SPRITE_CHANGE_STR_GB2312?OLED         -----    -----      -----    -----      -----    -----      10A1H    000
>> FH
  +--> ?PR?OLED
  +--> ?CO?OLED
  +--> ?PR?_FLASH_READ?FLASH

?PR?_OLED_SPRITE_CHANGE_STR_6X8?OLED            -----    -----      -----    -----      -----    -----      10A1H    000
>> 4H
  +--> ?PR?OLED

?PR?_OLED_SPRITE_GET_HEIGHT?OLED                -----    -----      -----    -----      -----    -----      -----    ---
>> --
  +--> ?PR?OLED

?PR?_OLED_SPRITE_MOVE_ALL_UP?OLED               -----    -----      -----    -----      -----    -----      -----    ---
>> --
  +--> ?PR?OLED

?PR?_TIME_TO_STR?RTC                            -----    -----      -----    -----      -----    -----      0F98H    000
>> 6H
  +--> ?PR?RTC

?PR?PRINTF?PRINTF                               0021H.2  0001H.1    0008H    0005H      -----    -----      109EH    002
>> 8H
  +--> ?PR?PUTCHAR?PUTCHAR

?PR?_TERMINAL_MODIFY?TERMINAL                   -----    -----      -----    -----      -----    -----      0F9BH    000
>> 4H
  +--> ?PR?TERMINAL
  +--> ?PR?_HAS_GB2312?OLED
  +--> ?PR?_OLED_SPRITE_CHANGE_STR_GB2312?OLED
  +--> ?PR?_OLED_SPRITE_CHANGE_STR_6X8?OLED

?PR?OLED_CLEAR_SPRITES?OLED                     -----    -----      -----    -----      -----    -----      -----    ---
>> --
  +--> ?PR?OLED

?PR?_OLED_REMOVE_SPRITE?OLED                    -----    -----      -----    -----      -----    -----      -----    ---
>> --
  +--> ?PR?OLED

BL51 BANKED LINKER/LOCATER V6.22                                                      01/26/2021  18:03:21  PAGE 12


?PR?_OLED_SPRITE_CHANGE_PIC?OLED                -----    -----      -----    -----      -----    -----      0F98H    000
>> 8H
  +--> ?PR?_MAX?OLED
  +--> ?PR?OLED

?PR?_MAX?OLED                                   -----    -----      -----    -----      -----    -----      -----    ---
>> --
  +--> ?PR?OLED

?PR?_INT_IIC_READ_ADDR?INTERNAL_IIC             -----    -----      -----    -----      -----    -----      -----    ---
>> --
  +--> ?PR?INT_IIC_START?INTERNAL_IIC
  +--> ?PR?_INT_IIC_WRITE?INTERNAL_IIC
  +--> ?PR?INT_IIC_STOP?INTERNAL_IIC

?PR?OLED_CLEAR_BUFFER?OLED                      -----    -----      -----    -----      -----    -----      -----    ---
>> --
  +--> ?PR?OLED

?PR?TIMEMODE_PAGE1?RTC                          -----    -----      -----    -----      -----    -----      0F96H    000
>> DH
  +--> ?PR?RTC
  +--> ?CO?RTC
  +--> ?PR?_OLED_DRAW_BITMAP_FAST?OLED
  +--> ?PR?PRINTF?PRINTF
  +--> ?PR?_OLED_DRAW_6X8?OLED
  +--> ?PR?RTC_GET_ALARM?ALARM
  +--> ?PR?ADCUPDATE?ADC
  +--> ?PR?_DRAWTICKERNUM?RTC

?PR?_OLED_DRAW_BITMAP_FAST?OLED                 -----    -----      -----    -----      -----    -----      10C6H    001
>> BH
  +--> ?PR?OLED

?PR?_OLED_DRAW_6X8?OLED                         -----    -----      -----    -----      -----    -----      0FA3H    000
>> 5H
  +--> ?PR?OLED

?PR?RTC_GET_ALARM?ALARM                         -----    -----      -----    -----      -----    -----      0FA3H    000
>> 2H
  +--> ?PR?INT_IIC_START?INTERNAL_IIC
  +--> ?PR?_INT_IIC_WRITE?INTERNAL_IIC
  +--> ?PR?_INT_IIC_READ?INTERNAL_IIC
  +--> ?PR?INT_IIC_STOP?INTERNAL_IIC

?PR?ADCUPDATE?ADC                               -----    -----      -----    -----      -----    -----      0FA3H    000
>> 2H
  +--> ?PR?_ADC_GET_VOLTAGE?ADC
  +--> ?CO?ADC
  +--> ?PR?_OLED_DRAW_BITMAP_FAST?OLED

?PR?_ADC_GET_VOLTAGE?ADC                        -----    -----      -----    -----      -----    -----      0FA5H    000
>> 6H
  +--> ?PR?_GETADC?ADC
  +--> ?PR?ADC

?PR?ADC                                         -----    -----      -----    -----      -----    -----      -----    ---
BL51 BANKED LINKER/LOCATER V6.22                                                      01/26/2021  18:03:21  PAGE 13


>> --
  +--> ?PR?_GETADC?ADC

?PR?_DRAWTICKERNUM?RTC                          -----    -----      -----    -----      -----    -----      0FA3H    000
>> BH
  +--> ?PR?RTC
  +--> ?PR?_OLED_DRAW_BITMAP_FAST?OLED

?PR?OLED_SEND_BUFFER?OLED                       -----    -----      -----    -----      -----    -----      -----    ---
>> --
  +--> ?PR?_OLED_WR_CMD?OLED

?PR?_PRINT_CLASS?ALARM                          -----    -----      -----    -----      -----    -----      0FA2H    000
>> 3H
  +--> ?PR?ALARM
  +--> ?PR?_OLED_INVERSE?OLED
  +--> ?CO?ALARM
  +--> ?PR?_OLED_SPRITE_CHANGE_GB2312?OLED
  +--> ?PR?PRINTF?PRINTF
  +--> ?CO?RTC

?PR?_OLED_INVERSE?OLED                          -----    -----      -----    -----      -----    -----      0FB1H    000
>> 4H

?PR?_OLED_SPRITE_CHANGE_GB2312?OLED             -----    -----      -----    -----      -----    -----      0FB4H    000
>> 6H
  +--> ?PR?OLED
  +--> ?PR?_OLED_SPRITE_CHANGE_STR_GB2312?OLED

?PR?_DATE_COUNTDOWN?RTC                         -----    -----      -----    -----      -----    -----      0F96H    000
>> 3H
  +--> ?PR?RTC
  +--> ?CO?RTC

?PR?TERMINALMODE?TERMINAL                       -----    -----      -----    -----      -----    -----      0F96H    000
>> 1H
  +--> ?PR?TERMINAL_INIT?TERMINAL
  +--> ?CO?TERMINAL
  +--> ?PR?_TERMINAL_ADD_BOTTOM?TERMINAL
  +--> ?PR?_OLED_ENABLE_INVERSE?OLED
  +--> ?PR?TERMINAL
  +--> ?PR?_STRLEN?STRLEN
  +--> ?PR?_TERMINAL_MODIFY?TERMINAL
  +--> ?PR?_TERMINAL_GET_ARR?TERMINAL
  +--> ?PR?_OLED_SPRITE_GET_WIDTH?OLED
  +--> ?PR?_OLED_INVERSE?OLED
  +--> ?PR?KEYCLEAR?MAIN
  +--> ?PR?_PROC_COMMAND?TERMINAL
  +--> ?PR?OLED_CLEAR_SPRITES?OLED
  +--> ?PR?_DELAY10MS?MAIN

?PR?TERMINAL_INIT?TERMINAL                      -----    -----      -----    -----      -----    -----      -----    ---
>> --
  +--> ?PR?OLED_CLEAR_SPRITES?OLED

?PR?_OLED_SPRITE_GET_WIDTH?OLED                 -----    -----      -----    -----      -----    -----      -----    ---
>> --
BL51 BANKED LINKER/LOCATER V6.22                                                      01/26/2021  18:03:21  PAGE 14


  +--> ?PR?OLED

?PR?_PROC_COMMAND?TERMINAL                      -----    -----      -----    -----      -----    -----      0F97H    00A
>> 5H
  +--> ?PR?TERMINAL

?PR?_OLED_SPRITE_CHANGE_6X8?OLED                -----    -----      -----    -----      -----    -----      0FB4H    000
>> 6H
  +--> ?PR?OLED
  +--> ?PR?_OLED_SPRITE_CHANGE_STR_6X8?OLED

?PR?_RTC_SET_TIME?RTC                           -----    -----      -----    -----      -----    -----      0F96H    000
>> 3H
  +--> ?PR?RTC
  +--> ?PR?INT_IIC_START?INTERNAL_IIC
  +--> ?PR?_INT_IIC_WRITE?INTERNAL_IIC
  +--> ?PR?_DEC_TO_BCD?RTC
  +--> ?PR?INT_IIC_STOP?INTERNAL_IIC

?PR?CLASS_MANAGER?ALARM                         -----    -----      -----    -----      -----    -----      0F96H    000
>> CH
  +--> ?PR?MENU_INIT?MENU
  +--> ?CO?ALARM
  +--> ?PR?ALARM
  +--> ?PR?_MENU_ADD?MENU
  +--> ?PR?_MENU_START?MENU
  +--> ?PR?MENU_ASK_CLASS_TYPE?ALARM
  +--> ?PR?_MENU_ASK_NUM?MENU
  +--> ?PR?OLED_CLEAR_SPRITES?OLED
  +--> ?PR?_PRINT_CLASS?ALARM
  +--> ?PR?_POP_MSG?MENU
  +--> ?PR?_MENU_ASK_YN?MENU
  +--> ?PR?_CLASS_ADD?ALARM
  +--> ?PR?_CLASS_GET_DAY?ALARM
  +--> ?PR?_CLASS_REMOVE?ALARM
  +--> ?PR?CLASS_UPDATE?ALARM
  +--> ?PR?REQ_PASSWORD?MENU
  +--> ?PR?_CLASS_ERASE?ALARM
  +--> ?PR?_OLED_SPRITE_CHANGE_GB2312?OLED
  +--> ?PR?_CLASS_READ?ALARM
  +--> ?PR?_CLASS_SEND?ALARM
  +--> ?PR?_CLASS_WRITE?ALARM
  +--> ?PR?KEYCLEAR?MAIN
  +--> ?PR?_DELAY10MS?MAIN

?PR?_MENU_START?MENU                            -----    -----      -----    -----      -----    -----      0FADH    000
>> 4H
  +--> ?PR?MENU
  +--> ?PR?_TERMINAL_SET_LINES?TERMINAL
  +--> ?PR?TERMINAL_INIT?TERMINAL
  +--> ?PR?TERMINAL_SET_BIG_FONT?TERMINAL
  +--> ?PR?_OLED_SPRITE_CHANGE_STR_GB2312?OLED
  +--> ?PR?_OLED_SPRITE_GET_WIDTH?OLED
  +--> ?PR?_OLED_SPRITE_MOVE?OLED
  +--> ?PR?_OLED_INVERSE?OLED
  +--> ?PR?_OLED_ENABLE_INVERSE?OLED
  +--> ?PR?_DELAY10MS?MAIN
BL51 BANKED LINKER/LOCATER V6.22                                                      01/26/2021  18:03:21  PAGE 15


  +--> ?CO?MENU
  +--> ?PR?_GET_PTR?MENU
  +--> ?PR?_TERMINAL_ADD_TOP?TERMINAL
  +--> ?PR?KEYCLEAR?MAIN
  +--> ?PR?MENU_INVERSE_REFRESH?MENU
  +--> ?PR?MENU_ROLL?MENU
  +--> ?PR?MENU_END?MENU

?PR?TERMINAL_SET_BIG_FONT?TERMINAL              0021H.2  0000H.1    -----    -----      -----    -----      -----    ---
>> --

?PR?_OLED_SPRITE_MOVE?OLED                      -----    -----      -----    -----      -----    -----      -----    ---
>> --
  +--> ?PR?OLED

?PR?_GET_PTR?MENU                               -----    -----      -----    -----      -----    -----      0FB1H    000
>> 1H

?PR?_TERMINAL_ADD_TOP?TERMINAL                  -----    -----      -----    -----      -----    -----      0FB1H    000
>> 3H
  +--> ?PR?TERMINAL
  +--> ?PR?_OLED_SPRITE_MOVE_DIRECT?OLED
  +--> ?PR?_HAS_GB2312?OLED
  +--> ?PR?_OLED_SPRITE_CHANGE_GB2312?OLED
  +--> ?PR?_OLED_SPRITE_CHANGE_6X8?OLED
  +--> ?PR?_OLED_SPRITE_GET_HEIGHT?OLED
  +--> ?PR?_OLED_SPRITE_MOVE_ALL_DOWN?OLED

?PR?_OLED_SPRITE_MOVE_ALL_DOWN?OLED             -----    -----      -----    -----      -----    -----      -----    ---
>> --
  +--> ?PR?OLED

?PR?MENU_INVERSE_REFRESH?MENU                   -----    -----      -----    -----      -----    -----      -----    ---
>> --
  +--> ?PR?_OLED_INVERSE?OLED
  +--> ?PR?_OLED_ENABLE_INVERSE?OLED

?PR?MENU_ROLL?MENU                              0021H.2  0000H.1    -----    -----      -----    -----      -----    ---
>> --
  +--> ?PR?MENU
  +--> ?PR?_GET_PTR?MENU
  +--> ?PR?_TERMINAL_ADD_BOTTOM?TERMINAL
  +--> ?PR?_TERMINAL_ADD_TOP?TERMINAL
  +--> ?PR?MENU_INVERSE_REFRESH?MENU

?PR?MENU_END?MENU                               -----    -----      -----    -----      -----    -----      -----    ---
>> --
  +--> ?PR?TERMINAL_SET_BIG_FONT?TERMINAL
  +--> ?PR?OLED_CLEAR_SPRITES?OLED
  +--> ?PR?_OLED_ENABLE_INVERSE?OLED
  +--> ?PR?_TERMINAL_SET_LINES?TERMINAL

?PR?MENU_ASK_CLASS_TYPE?ALARM                   -----    -----      -----    -----      -----    -----      0FA2H    000
>> 1H
  +--> ?PR?MENU_INIT?MENU
  +--> ?PR?ALARM
  +--> ?PR?_MENU_ADD?MENU
BL51 BANKED LINKER/LOCATER V6.22                                                      01/26/2021  18:03:21  PAGE 16


  +--> ?CO?ALARM
  +--> ?PR?_MENU_START?MENU

?PR?_MENU_ASK_NUM?MENU                          -----    -----      -----    -----      -----    -----      0FA2H    000
>> BH
  +--> ?PR?MENU
  +--> ?CO?MENU
  +--> ?PR?MENU_INIT?MENU
  +--> ?PR?PRINTF?PRINTF
  +--> ?PR?_MENU_ADD?MENU
  +--> ?PR?_MENU_START?MENU

?PR?_POP_MSG?MENU                               -----    -----      -----    -----      -----    -----      0FA2H    000
>> 4H
  +--> ?PR?MENU
  +--> ?PR?OLED_SPRITE_FIND?OLED
  +--> ?PR?_OLED_SPRITE_CHANGE_GB2312?OLED
  +--> ?PR?_OLED_SPRITE_GET_WIDTH?OLED
  +--> ?PR?_OLED_SPRITE_MOVE?OLED
  +--> ?PR?_BEEP?MUSIC
  +--> ?PR?_DELAY10MS?MAIN
  +--> ?PR?_OLED_REMOVE_SPRITE?OLED

?PR?OLED_SPRITE_FIND?OLED                       -----    -----      -----    -----      -----    -----      -----    ---
>> --
  +--> ?PR?OLED

?PR?_MENU_ASK_YN?MENU                           -----    -----      -----    -----      -----    -----      0FA2H    000
>> 3H
  +--> ?PR?MENU
  +--> ?PR?MENU_INIT?MENU
  +--> ?CO?MENU
  +--> ?PR?_MENU_ADD?MENU
  +--> ?PR?_MENU_START?MENU

?PR?_CLASS_ADD?ALARM                            -----    -----      -----    -----      -----    -----      0FA2H    000
>> 4H
  +--> ?PR?ALARM
  +--> ?PR?_CLASS_READ?ALARM
  +--> ?PR?_CLASS_WRITE?ALARM

?PR?_CLASS_WRITE?ALARM                          -----    -----      -----    -----      -----    -----      0FA6H    000
>> 7H
  +--> ?PR?ALARM
  +--> ?PR?_FLASH_ERASE_SECTOR?FLASH
  +--> ?PR?_FLASH_WRITE?FLASH

?PR?_CLASS_REMOVE?ALARM                         -----    -----      -----    -----      -----    -----      0FA2H    000
>> 4H
  +--> ?PR?ALARM
  +--> ?PR?_CLASS_READ?ALARM
  +--> ?PR?_CLASSEQU?ALARM
  +--> ?PR?_CLASS_ERASE?ALARM

?PR?_CLASSEQU?ALARM                             -----    -----      -----    -----      -----    -----      0FA6H    000
>> 6H
  +--> ?PR?ALARM
BL51 BANKED LINKER/LOCATER V6.22                                                      01/26/2021  18:03:21  PAGE 17



?PR?_CLASS_ERASE?ALARM                          -----    -----      -----    -----      -----    -----      0FA6H    000
>> 4H
  +--> ?PR?ALARM
  +--> ?PR?_FLASH_ERASE_SECTOR?FLASH

?PR?REQ_PASSWORD?MENU                           -----    -----      -----    -----      -----    -----      -----    ---
>> --
  +--> ?CO?MENU
  +--> ?PR?_OLED_SPRITE_CHANGE_GB2312?OLED
  +--> ?PR?_OLED_SPRITE_GET_WIDTH?OLED
  +--> ?PR?MENU
  +--> ?PR?_OLED_SPRITE_MOVE?OLED
  +--> ?PR?_OLED_ENABLE_INVERSE?OLED
  +--> ?PR?_OLED_INVERSE?OLED
  +--> ?PR?_DELAY10MS?MAIN

?PR?_CLASS_SEND?ALARM                           -----    -----      -----    -----      -----    -----      0FA2H    000
>> 3H
  +--> ?PR?ALARM

?PR?RF_ENABLE?SERIAL                            0021H.2  0000H.1    -----    -----      -----    -----      -----    ---
>> --
  +--> ?PR?SERIAL2_READ?SERIAL
  +--> ?PR?SERIAL
  +--> ?PR?_DELAY10MS?MAIN

?PR?SERIAL2_READ?SERIAL                         -----    -----      -----    -----      -----    -----      0F98H    000
>> 4H
  +--> ?PR?SERIAL

?PR?_SERIAL2_SENDSTR?SERIAL                     -----    -----      -----    -----      -----    -----      -----    ---
>> --
  +--> ?PR?_SERIAL2_SEND?SERIAL

?PR?_RF_SET_RFID?SERIAL                         -----    -----      -----    -----      -----    -----      0F96H    000
>> 2H
  +--> ?PR?SERIAL
  +--> ?PR?_DELAY10MS?MAIN
  +--> ?CO?SERIAL
  +--> ?PR?PRINTF?PRINTF
  +--> ?PR?_SERIAL2_SENDSTR?SERIAL
  +--> ?PR?SERIAL2_READ?SERIAL

?PR?_RF_SET_DVID?SERIAL                         -----    -----      -----    -----      -----    -----      0F96H    000
>> 2H
  +--> ?PR?SERIAL
  +--> ?PR?_DELAY10MS?MAIN
  +--> ?CO?SERIAL
  +--> ?PR?PRINTF?PRINTF
  +--> ?PR?_SERIAL2_SENDSTR?SERIAL
  +--> ?PR?SERIAL2_READ?SERIAL

?PR?_RF_SET_CHANNEL?SERIAL                      -----    -----      -----    -----      -----    -----      0F96H    000
>> 1H
  +--> ?PR?SERIAL
  +--> ?PR?_DELAY10MS?MAIN
BL51 BANKED LINKER/LOCATER V6.22                                                      01/26/2021  18:03:21  PAGE 18


  +--> ?CO?SERIAL
  +--> ?PR?PRINTF?PRINTF
  +--> ?PR?_SERIAL2_SENDSTR?SERIAL
  +--> ?PR?SERIAL2_READ?SERIAL

?C_INITSEG                                      -----    -----      -----    -----      -----    -----      -----    ---
>> --
  +--> ?CO?TERMINAL
  +--> ?PR?_COMMAND_IIC_CHECK?INTERNAL_IIC
  +--> ?PR?_COMMAND_IIC_READ?INTERNAL_IIC
  +--> ?PR?_COMMAND_IIC_WRITE?INTERNAL_IIC
  +--> ?PR?_COMMAND_IIC_READ16?INTERNAL_IIC
  +--> ?PR?_COMMAND_IIC_WRITE16?INTERNAL_IIC
  +--> ?PR?_COMMAND_ENABLE_SERIAL?TERMINAL
  +--> ?PR?_COMMAND_FLASH_PROGRAM?FLASH
  +--> ?PR?_COMMAND_MARIO?MUSIC
  +--> ?PR?_COMMAND_SET_DEADLINE?RTC
  +--> ?PR?_COMMAND_ALARM?ALARM

?PR?_COMMAND_IIC_CHECK?INTERNAL_IIC             -----    -----      -----    -----      -----    -----      0F95H    001
>> 1H
  +--> ?PR?INTERNAL_IIC
  +--> ?PR?KEYCLEAR?MAIN
  +--> ?CO?INTERNAL_IIC
  +--> ?PR?_TERMINAL_ADD_BOTTOM?TERMINAL
  +--> ?PR?_INT_IIC_CHECK_DEVICE?INTERNAL_IIC
  +--> ?PR?PRINTF?PRINTF

?PR?_INT_IIC_CHECK_DEVICE?INTERNAL_IIC          -----    -----      -----    -----      -----    -----      -----    ---
>> --
  +--> ?PR?INT_IIC_START?INTERNAL_IIC
  +--> ?PR?_INT_IIC_WRITE?INTERNAL_IIC
  +--> ?PR?INT_IIC_STOP?INTERNAL_IIC

?PR?_COMMAND_IIC_READ?INTERNAL_IIC              -----    -----      -----    -----      -----    -----      0F95H    000
>> CH
  +--> ?PR?INTERNAL_IIC
  +--> ?PR?_GETHEX8?TERMINAL
  +--> ?PR?_INT_IIC_CHECK_DEVICE?INTERNAL_IIC
  +--> ?PR?_TERMINAL_ADD_BOTTOM?TERMINAL
  +--> ?PR?_INT_IIC_READ_ADDR?INTERNAL_IIC
  +--> ?PR?PRINTF?PRINTF

?PR?_COMMAND_IIC_WRITE?INTERNAL_IIC             -----    -----      -----    -----      -----    -----      0F95H    000
>> 6H
  +--> ?PR?INTERNAL_IIC
  +--> ?PR?_GETHEX8?TERMINAL
  +--> ?PR?_INT_IIC_CHECK_DEVICE?INTERNAL_IIC
  +--> ?PR?_TERMINAL_ADD_BOTTOM?TERMINAL
  +--> ?PR?_INT_IIC_WRITE_ADDR?INTERNAL_IIC
  +--> ?CO?INTERNAL_IIC

?PR?_COMMAND_IIC_READ16?INTERNAL_IIC            -----    -----      -----    -----      -----    -----      0F95H    000
>> DH
  +--> ?PR?INTERNAL_IIC
  +--> ?PR?_GETHEX8?TERMINAL
  +--> ?PR?_INT_IIC_CHECK_DEVICE?INTERNAL_IIC
BL51 BANKED LINKER/LOCATER V6.22                                                      01/26/2021  18:03:21  PAGE 19


  +--> ?PR?_TERMINAL_ADD_BOTTOM?TERMINAL
  +--> ?PR?INT_IIC_START?INTERNAL_IIC
  +--> ?PR?_INT_IIC_WRITE?INTERNAL_IIC
  +--> ?PR?INT_IIC_STOP?INTERNAL_IIC
  +--> ?PR?PRINTF?PRINTF

?PR?_COMMAND_IIC_WRITE16?INTERNAL_IIC           -----    -----      -----    -----      -----    -----      0F95H    000
>> 7H
  +--> ?PR?INTERNAL_IIC
  +--> ?PR?_GETHEX8?TERMINAL
  +--> ?PR?_INT_IIC_CHECK_DEVICE?INTERNAL_IIC
  +--> ?PR?_TERMINAL_ADD_BOTTOM?TERMINAL
  +--> ?PR?INT_IIC_START?INTERNAL_IIC
  +--> ?PR?INT_IIC_STOP?INTERNAL_IIC
  +--> ?CO?INTERNAL_IIC
  +--> ?PR?_INT_IIC_WRITE?INTERNAL_IIC

?PR?_COMMAND_ENABLE_SERIAL?TERMINAL             -----    -----      -----    -----      -----    -----      0F95H    000
>> 4H
  +--> ?PR?TERMINAL

?PR?_COMMAND_FLASH_PROGRAM?FLASH                -----    -----      -----    -----      -----    -----      0F95H    010
>> 9H
  +--> ?CO?FLASH
  +--> ?PR?_TERMINAL_ADD_BOTTOM?TERMINAL
  +--> ?PR?FLASH_CHIP_ERASE?FLASH
  +--> ?PR?FLASH_CHK_BUSY?FLASH
  +--> ?PR?FLASH
  +--> ?PR?_FLASH_WRITE?FLASH
  +--> ?PR?PRINTF?PRINTF
  +--> ?PR?_DELAY10MS?MAIN

?PR?FLASH_CHIP_ERASE?FLASH                      -----    -----      -----    -----      -----    -----      -----    ---
>> --
  +--> ?PR?FLASHWRITEENABLE?FLASH
  +--> ?PR?_SPISHIFT?FLASH

?PR?_COMMAND_MARIO?MUSIC                        -----    -----      -----    -----      -----    -----      0F95H    000
>> 6H
  +--> ?CO?MUSIC
  +--> ?PR?_TERMINAL_ADD_BOTTOM?TERMINAL
  +--> ?PR?MUSIC
  +--> ?PR?_BEEP?MUSIC
  +--> ?PR?_DELAY10MS?MAIN
  +--> ?PR?PRINTF?PRINTF
  +--> ?PR?_TERMINAL_MODIFY?TERMINAL

?PR?_COMMAND_SET_DEADLINE?RTC                   -----    -----      -----    -----      -----    -----      0F95H    000
>> 3H
  +--> ?PR?RTC
  +--> ?PR?_GETINT?TERMINAL
  +--> ?PR?SETTINGS_SAVE?SETTINGS
  +--> ?CO?RTC
  +--> ?PR?_TERMINAL_ADD_BOTTOM?TERMINAL

?PR?_GETINT?TERMINAL                            0021H.2  0000H.1    -----    -----      -----    -----      0F99H    000
>> 5H
BL51 BANKED LINKER/LOCATER V6.22                                                      01/26/2021  18:03:21  PAGE 20


  +--> ?PR?TERMINAL

?PR?_COMMAND_ALARM?ALARM                        -----    -----      -----    -----      -----    -----      0F95H    000
>> 4H
  +--> ?PR?ALARM
  +--> ?PR?_GETINT?TERMINAL
  +--> ?PR?_RTC_SET_ALARM?ALARM
  +--> ?CO?ALARM
  +--> ?PR?_TERMINAL_ADD_BOTTOM?TERMINAL

*** NEW ROOT ***************************************************

?PR?GPUUPDATE?MAIN                              -----    -----      -----    -----      -----    -----      -----    ---
>> --
  +--> ?PR?OLED_CLEAR_BUFFER?OLED
  +--> ?PR?OLED_PROC_SPRITES?OLED
  +--> ?PR?OLED_SEND_BUFFER?OLED

?PR?OLED_PROC_SPRITES?OLED                      0022H.3  0000H.1    -----    -----      0024H    0006H      -----    ---
>> --
  +--> ?PR?OLED
  +--> ?PR?_OLED_DRAW_BITMAP_FAST?OLED
  +--> ?PR?_MAX?OLED
  +--> ?PR?_MIN?OLED
  +--> ?PR?_OLED_FILL_RECT?OLED
  +--> ?PR?_ABS?ABS

?PR?_MIN?OLED                                   -----    -----      -----    -----      -----    -----      -----    ---
>> --
  +--> ?PR?OLED

?PR?_OLED_FILL_RECT?OLED                        -----    -----      -----    -----      -----    -----      10C6H    000
>> BH
  +--> ?PR?_OLED_DRAW_DOT?OLED
  +--> ?PR?OLED

?PR?_OLED_DRAW_DOT?OLED                         -----    -----      -----    -----      -----    -----      10D1H    000
>> 3H
  +--> ?PR?OLED

*** NEW ROOT ***************************************************

?PR?TIMER0_ISR?MAIN                             -----    -----      -----    -----      -----    -----      -----    ---
>> --
  +--> ?PR?MAIN
  +--> ?PR?POWEROFF?MAIN
  +--> ?PR?MORSEUPDATE?MORSE
  +--> ?PR?_BEEP?MUSIC

?PR?POWEROFF?MAIN                               -----    -----      -----    -----      -----    -----      -----    ---
>> --
  +--> ?PR?_OLED_WR_CMD?OLED

?PR?MORSEUPDATE?MORSE                           -----    -----      -----    -----      -----    -----      -----    ---
>> --
  +--> ?PR?MORSE
  +--> ?PR?FINDMORSE?MORSE
BL51 BANKED LINKER/LOCATER V6.22                                                      01/26/2021  18:03:21  PAGE 21



?PR?FINDMORSE?MORSE                             -----    -----      -----    -----      -----    -----      10E1H    000
>> 1H
  +--> ?PR?MORSE
  +--> ?CO?MORSE
  +--> ?PR?HANDLESTROVERFLOW?MORSE
  +--> ?PR?HANDLENOTFOUND?MORSE

*** NEW ROOT ***************************************************

?PR?INT0_ISR?MAIN                               -----    -----      -----    -----      -----    -----      -----    ---
>> --
  +--> ?PR?MAIN

*** NEW ROOT ***************************************************

?PR?INT1_ISR?MAIN                               -----    -----      -----    -----      -----    -----      -----    ---
>> --
  +--> ?PR?MAIN

*** NEW ROOT ***************************************************

?PR?UART1_ISR?MAIN                              -----    -----      -----    -----      -----    -----      10E2H    000
>> 2H
  +--> ?PR?MAIN
  +--> ?PR?_TERMINAL_ADD_CHR?TERMINAL

*** NEW ROOT ***************************************************

?PR?INT3_ISR?MAIN                               -----    -----      -----    -----      -----    -----      -----    ---
>> --
  +--> ?PR?MAIN



SYMBOL TABLE OF MODULE:  .\Objects\watch (?C_STARTUP)

  VALUE           TYPE          NAME
  ----------------------------------

  -------         MODULE        ?C_STARTUP
  C:5BBBH         SEGMENT       ?C_C51STARTUP
  I:002AH         SEGMENT       ?STACK
  C:0000H         PUBLIC        ?C_STARTUP
  D:00E0H         SYMBOL        ACC
  D:00F0H         SYMBOL        B
  D:0083H         SYMBOL        DPH
  D:0082H         SYMBOL        DPL
  N:0000H         SYMBOL        IBPSTACK
  N:0100H         SYMBOL        IBPSTACKTOP
  N:0080H         SYMBOL        IDATALEN
  C:5BBEH         SYMBOL        IDATALOOP
  N:0000H         SYMBOL        PBPSTACK
  N:0100H         SYMBOL        PBPSTACKTOP
  N:0000H         SYMBOL        PDATALEN
  N:0000H         SYMBOL        PDATASTART
  N:0000H         SYMBOL        PPAGE
BL51 BANKED LINKER/LOCATER V6.22                                                      01/26/2021  18:03:21  PAGE 22


  N:0000H         SYMBOL        PPAGEENABLE
  D:00A0H         SYMBOL        PPAGE_SFR
  D:0081H         SYMBOL        SP
  C:5BBBH         SYMBOL        STARTUP1
  N:0000H         SYMBOL        XBPSTACK
  N:0000H         SYMBOL        XBPSTACKTOP
  N:0000H         SYMBOL        XDATALEN
  N:0000H         SYMBOL        XDATASTART
  C:0000H         LINE#         126
  C:5BBBH         LINE#         133
  C:5BBDH         LINE#         134
  C:5BBEH         LINE#         135
  C:5BBFH         LINE#         136
  C:5BC1H         LINE#         185
  C:5BC4H         LINE#         196
  -------         ENDMOD        ?C_STARTUP

  -------         MODULE        FLASH
  C:0000H         SYMBOL        _ICE_DUMMY_
  D:0080H         PUBLIC        P0
  D:0090H         PUBLIC        P1
  D:00A0H         PUBLIC        P2
  D:00B0H         PUBLIC        P3
  D:00C0H         PUBLIC        P4
  D:00C8H         PUBLIC        P5
  D:00E8H         PUBLIC        P6
  D:00F8H         PUBLIC        P7
  D:00CEH         PUBLIC        SPCTL
  C:77DEH         PUBLIC        flash_chip_erase
  D:00A8H         PUBLIC        IE
  C:6699H         PUBLIC        _flash_read
  B:00A8H.4       PUBLIC        ES
  D:00B8H         PUBLIC        IP
  B:0098H.0       PUBLIC        RI
  B:0098H.1       PUBLIC        TI
  C:60D4H         PUBLIC        _flash_write
  D:00D8H         PUBLIC        CCON
  C:789EH         PUBLIC        flash_init
  C:75C3H         PUBLIC        _SpiShift
  D:0099H         PUBLIC        SBUF
  C:5199H         PUBLIC        _command_flash_program
  D:0098H         PUBLIC        SCON
  D:0088H         PUBLIC        TCON
  B:0022H.7       PUBLIC        g_fFlashOK
  C:780EH         PUBLIC        FlashWriteEnable
  C:7862H         PUBLIC        flash_chk_busy
  C:74E2H         PUBLIC        flash_chk_id
  B:0088H.6       PUBLIC        TR1
  D:00CDH         PUBLIC        SPSTAT
  B:0090H.2       PUBLIC        FLASH_CS
  B:00B0H.4       PUBLIC        KEY_UP
  C:757DH         PUBLIC        _flash_erase_sector
  D:00D0H         PUBLIC        PSW
  D:00CFH         PUBLIC        SPDAT
  C:6CCAH         SYMBOL        Com0028
  C:6CCAH         SYMBOL        L?0041
  C:6CCCH         SYMBOL        L?0042
BL51 BANKED LINKER/LOCATER V6.22                                                      01/26/2021  18:03:21  PAGE 23


  C:6CCFH         SYMBOL        L?0043
  C:6CDAH         SYMBOL        L?0046
  C:6CE9H         SYMBOL        L?0047
  C:6CE9H         SYMBOL        L?0048
  C:6CF1H         SYMBOL        L?0049
  C:6D03H         SYMBOL        L?0051
  -------         PROC          COM0028
  -------         ENDPROC       COM0028
  -------         PROC          FLASH_INIT
  C:789EH         LINE#         40
  C:789EH         LINE#         41
  C:789EH         LINE#         42
  C:78A1H         LINE#         43
  C:78A3H         LINE#         44
  C:78A6H         LINE#         45
  -------         ENDPROC       FLASH_INIT
  C:75B5H         SYMBOL        L?0045
  -------         PROC          L?0044
  -------         ENDPROC       L?0044
  C:75B5H         SYMBOL        L?0045
  -------         PROC          _SPISHIFT
  D:0007H         SYMBOL        dat
  C:75C3H         LINE#         48
  C:75C3H         LINE#         49
  C:75C3H         LINE#         50
  C:75C5H         LINE#         51
  C:75CAH         LINE#         52
  C:75CDH         LINE#         54
  C:75CFH         LINE#         55
  -------         ENDPROC       _SPISHIFT
  -------         PROC          FLASH_CHK_ID
  -------         DO            
  D:0007H         SYMBOL        dat1
  -------         ENDDO         
  C:74E2H         LINE#         64
  C:74E2H         LINE#         65
  C:74E2H         LINE#         68
  C:74E4H         LINE#         69
  C:74E6H         LINE#         70
  C:74E9H         LINE#         71
  C:74EBH         LINE#         72
  C:74EEH         LINE#         73
  C:74F3H         LINE#         74
  C:74F5H         LINE#         76
  C:74FFH         LINE#         77
  C:7501H         LINE#         78
  -------         ENDPROC       FLASH_CHK_ID
  -------         PROC          FLASH_CHK_BUSY
  -------         DO            
  D:0007H         SYMBOL        dat
  -------         ENDDO         
  C:7862H         LINE#         87
  C:7862H         LINE#         88
  C:7862H         LINE#         91
  C:7864H         LINE#         92
  C:7866H         LINE#         93
  C:7869H         LINE#         94
BL51 BANKED LINKER/LOCATER V6.22                                                      01/26/2021  18:03:21  PAGE 24


  C:786BH         LINE#         96
  C:786DH         LINE#         97
  -------         ENDPROC       FLASH_CHK_BUSY
  -------         PROC          FLASHWRITEENABLE
  C:780EH         LINE#         104
  C:780EH         LINE#         105
  C:780EH         LINE#         106
  C:7813H         LINE#         107
  C:7815H         LINE#         108
  C:781AH         LINE#         109
  C:781CH         LINE#         110
  -------         ENDPROC       FLASHWRITEENABLE
  -------         PROC          FLASH_CHIP_ERASE
  C:77DEH         LINE#         117
  C:77DEH         LINE#         118
  C:77DEH         LINE#         119
  C:77E1H         LINE#         120
  C:77E1H         LINE#         121
  C:77E4H         LINE#         122
  C:77E6H         LINE#         123
  C:77EBH         LINE#         124
  C:77EDH         LINE#         125
  C:77EDH         LINE#         126
  -------         ENDPROC       FLASH_CHIP_ERASE
  -------         PROC          _FLASH_READ
  X:10B0H         SYMBOL        addr
  X:10B4H         SYMBOL        size
  X:10B8H         SYMBOL        buffer
  C:6699H         LINE#         137
  C:669FH         LINE#         138
  C:669FH         LINE#         139
  C:66A2H         LINE#         140
  C:66A2H         LINE#         141
  C:66A7H         LINE#         142
  C:66A9H         LINE#         143
  C:66AEH         LINE#         144
  C:66B1H         LINE#         145
  C:66B1H         LINE#         146
  C:66B4H         LINE#         147
  C:66B9H         LINE#         148
  C:66C6H         LINE#         149
  C:66C6H         LINE#         150
  C:66D2H         LINE#         151
  C:66DEH         LINE#         152
  C:66E8H         LINE#         153
  C:66F4H         LINE#         154
  C:66F6H         LINE#         155
  C:66F8H         LINE#         156
  C:66F8H         LINE#         157
  -------         ENDPROC       _FLASH_READ
  -------         PROC          _FLASH_WRITE
  X:109EH         SYMBOL        addr
  X:10A2H         SYMBOL        size
  X:10A6H         SYMBOL        buffer
  C:60D4H         LINE#         167
  C:60DAH         LINE#         168
  C:60DAH         LINE#         169
BL51 BANKED LINKER/LOCATER V6.22                                                      01/26/2021  18:03:21  PAGE 25


  C:60DDH         LINE#         170
  C:60EAH         LINE#         171
  C:60EAH         LINE#         172
  C:60EDH         LINE#         173
  C:60EFH         LINE#         174
  C:60F4H         LINE#         175
  C:60F7H         LINE#         176
  C:60F7H         LINE#         177
  C:60FAH         LINE#         178
  C:6107H         LINE#         179
  C:6107H         LINE#         180
  C:6111H         LINE#         181
  C:611DH         LINE#         182
  C:6127H         LINE#         183
  C:6133H         LINE#         184
  C:6149H         LINE#         186
  C:614BH         LINE#         187
  C:614EH         LINE#         188
  -------         ENDPROC       _FLASH_WRITE
  -------         PROC          _FLASH_ERASE_SECTOR
  X:0FADH         SYMBOL        addr
  C:757DH         LINE#         195
  C:7583H         LINE#         196
  C:7583H         LINE#         197
  C:7586H         LINE#         198
  C:7586H         LINE#         199
  C:7589H         LINE#         200
  C:758BH         LINE#         201
  C:7590H         LINE#         202
  C:7593H         LINE#         203
  C:7593H         LINE#         204
  C:7596H         LINE#         205
  C:7598H         LINE#         206
  C:7598H         LINE#         207
  -------         ENDPROC       _FLASH_ERASE_SECTOR
  C:5292H         SYMBOL        L?0050
  C:529CH         SYMBOL        L?0052
  -------         PROC          _COMMAND_FLASH_PROGRAM
  X:0F95H         SYMBOL        argc
  X:0F96H         SYMBOL        argv
  -------         DO            
  X:0F99H         SYMBOL        dat
  X:1099H         SYMBOL        bufferpointer
  X:109AH         SYMBOL        addr
  -------         ENDDO         
  C:5199H         LINE#         209
  C:51A7H         LINE#         210
  C:51A7H         LINE#         212
  C:51ACH         LINE#         213
  C:51B4H         LINE#         214
  C:51B6H         LINE#         215
  C:51B8H         LINE#         216
  C:51C1H         LINE#         217
  C:51C3H         LINE#         218
  C:51C6H         LINE#         220
  C:51D0H         LINE#         221
  C:51D3H         LINE#         223
BL51 BANKED LINKER/LOCATER V6.22                                                      01/26/2021  18:03:21  PAGE 26


  C:51DFH         LINE#         224
  C:51E8H         LINE#         225
  C:51EDH         LINE#         226
  C:51EFH         LINE#         227
  C:51F2H         LINE#         228
  C:51F6H         LINE#         229
  C:51F9H         LINE#         230
  C:51F9H         LINE#         231
  C:51FCH         LINE#         232
  C:51FCH         LINE#         233
  C:51FEH         LINE#         234
  C:520EH         LINE#         235
  C:5214H         LINE#         236
  C:5217H         LINE#         237
  C:5217H         LINE#         238
  C:5234H         LINE#         239
  C:524AH         LINE#         240
  C:524DH         LINE#         241
  C:524EH         LINE#         242
  C:524FH         LINE#         243
  C:5252H         LINE#         244
  C:5254H         LINE#         245
  C:5254H         LINE#         246
  C:5254H         LINE#         247
  C:5256H         LINE#         248
  C:5258H         LINE#         249
  C:525CH         LINE#         250
  C:525EH         LINE#         251
  C:5267H         LINE#         252
  C:5286H         LINE#         253
  C:528FH         LINE#         254
  C:5291H         LINE#         255
  -------         ENDPROC       _COMMAND_FLASH_PROGRAM
  -------         ENDMOD        FLASH

  -------         MODULE        MAIN
  C:0000H         SYMBOL        _ICE_DUMMY_
  C:6419H         PUBLIC        UART1_Isr
  D:0096H         PUBLIC        P2M0
  D:0080H         PUBLIC        P0
  D:0090H         PUBLIC        P1
  D:00A0H         PUBLIC        P2
  D:00B0H         PUBLIC        P3
  B:00B0H.3       PUBLIC        KEY_DOWN
  D:00C0H         PUBLIC        P4
  D:00C8H         PUBLIC        P5
  B:00A8H.7       PUBLIC        EA
  D:00E8H         PUBLIC        P6
  D:00F8H         PUBLIC        P7
  D:00FEH         PUBLIC        PWMCR
  D:00BAH         PUBLIC        P_SW2
  X:1162H         PUBLIC        millis
  D:00A8H         PUBLIC        IE
  X:1166H         PUBLIC        keyUp
  B:0020H.0       PUBLIC        terminal_enable_serial
  D:008FH         PUBLIC        INTCLKO
  B:00A8H.4       PUBLIC        ES
BL51 BANKED LINKER/LOCATER V6.22                                                      01/26/2021  18:03:21  PAGE 27


  D:00B8H         PUBLIC        IP
  D:00DEH         PUBLIC        ADCCFG
  B:0098H.0       PUBLIC        RI
  B:0098H.1       PUBLIC        TI
  B:0020H.1       PUBLIC        right_key_pressing
  D:00D8H         PUBLIC        CCON
  C:4233H         PUBLIC        main
  B:0020H.2       PUBLIC        left_key_pressing
  C:7227H         PUBLIC        INT0_Isr
  C:7256H         PUBLIC        INT1_Isr
  C:6DD4H         PUBLIC        PowerOff
  B:0020H.3       PUBLIC        resetprotect
  C:7195H         PUBLIC        INT3_Isr
  X:116FH         PUBLIC        currentmode
  B:0020H.4       PUBLIC        morse_mode
  D:00BCH         PUBLIC        ADC_CONTR
  D:0099H         PUBLIC        SBUF
  D:0087H         PUBLIC        PCON
  D:0098H         PUBLIC        SCON
  C:75D0H         PUBLIC        keyClear
  D:0089H         PUBLIC        TMOD
  D:0088H         PUBLIC        TCON
  D:008EH         PUBLIC        AUXR
  D:00C7H         PUBLIC        IAP_CONTR
  B:00A8H.1       PUBLIC        ET0
  B:0020H.5       PUBLIC        keep_screen_on
  B:0088H.5       PUBLIC        TF0
  B:00A8H.3       PUBLIC        ET1
  C:7782H         PUBLIC        Timer0Init
  B:0088H.7       PUBLIC        TF1
  C:7795H         PUBLIC        Timer1Init
  D:008CH         PUBLIC        TH0
  D:008DH         PUBLIC        TH1
  B:0088H.0       PUBLIC        IT0
  B:00A8H.0       PUBLIC        EX0
  B:0088H.2       PUBLIC        IT1
  B:00A8H.2       PUBLIC        EX1
  B:0020H.6       PUBLIC        alarming
  D:008AH         PUBLIC        TL0
  D:008BH         PUBLIC        TL1
  C:690BH         PUBLIC        GPUUpdate
  C:7163H         PUBLIC        _delay10ms
  B:0020H.7       PUBLIC        ignore_next_key
  X:1170H         PUBLIC        lastpress_millis
  B:0088H.4       PUBLIC        TR0
  B:0088H.6       PUBLIC        TR1
  D:00C1H         PUBLIC        WDT_CONTR
  B:0021H.0       PUBLIC        morse_finished
  X:1174H         PUBLIC        beeping
  C:3BBAH         PUBLIC        Timer0_isr
  B:00A0H.0       PUBLIC        BUZZER
  B:00B0H.2       PUBLIC        KEY_OK
  X:1175H         PUBLIC        keyOK
  X:117EH         PUBLIC        keyDown
  B:00B0H.4       PUBLIC        KEY_UP
  B:0021H.1       PUBLIC        morse_updated
  D:00D0H         PUBLIC        PSW
BL51 BANKED LINKER/LOCATER V6.22                                                      01/26/2021  18:03:21  PAGE 28


  C:6488H         SYMBOL        Com0052
  C:6488H         SYMBOL        L?0083
  C:6488H         SYMBOL        L?0084
  C:649CH         SYMBOL        L?0085
  C:64A0H         SYMBOL        L?0086
  C:64A6H         SYMBOL        L?0087
  C:64B5H         SYMBOL        L?0088
  C:64B5H         SYMBOL        L?0089
  C:64CCH         SYMBOL        L?0090
  C:64CCH         SYMBOL        L?0091
  C:64DAH         SYMBOL        L?0096
  C:64E6H         SYMBOL        L?0097
  C:64E6H         SYMBOL        L?0098
  C:64EEH         SYMBOL        L?0099
  C:64EEH         SYMBOL        L?0100
  -------         PROC          COM0052
  -------         ENDPROC       COM0052
  -------         PROC          KEYCLEAR
  C:75D0H         LINE#         24
  C:75D0H         LINE#         25
  C:75D0H         LINE#         26
  C:75DDH         LINE#         27
  C:75E9H         LINE#         28
  -------         ENDPROC       KEYCLEAR
  -------         PROC          _DELAY10MS
  X:109EH         SYMBOL        time
  -------         DO            
  X:10A2H         SYMBOL        oldmillis
  -------         ENDDO         
  C:7163H         LINE#         31
  C:7169H         LINE#         32
  C:7169H         LINE#         33
  C:7173H         LINE#         34
  C:7194H         LINE#         35
  -------         ENDPROC       _DELAY10MS
  -------         PROC          TIMER0INIT
  C:7782H         LINE#         37
  C:7782H         LINE#         38
  C:7782H         LINE#         39
  C:7785H         LINE#         40
  C:7788H         LINE#         41
  C:778BH         LINE#         42
  C:778EH         LINE#         43
  C:7790H         LINE#         44
  C:7792H         LINE#         45
  C:7794H         LINE#         46
  -------         ENDPROC       TIMER0INIT
  -------         PROC          TIMER1INIT
  C:7795H         LINE#         48
  C:7795H         LINE#         49
  C:7795H         LINE#         50
  C:7798H         LINE#         51
  C:779BH         LINE#         52
  C:779EH         LINE#         53
  C:77A1H         LINE#         54
  C:77A3H         LINE#         55
  C:77A5H         LINE#         56
BL51 BANKED LINKER/LOCATER V6.22                                                      01/26/2021  18:03:21  PAGE 29


  C:77A7H         LINE#         57
  -------         ENDPROC       TIMER1INIT
  -------         PROC          GPUUPDATE
  -------         DO            
  X:1160H         SYMBOL        lasttm
  -------         ENDDO         
  C:690BH         LINE#         62
  C:6928H         LINE#         65
  C:692EH         LINE#         66
  C:6934H         LINE#         67
  C:6934H         LINE#         68
  C:6936H         LINE#         69
  C:6938H         LINE#         70
  C:693BH         LINE#         71
  C:693EH         LINE#         72
  C:6941H         LINE#         73
  C:6943H         LINE#         74
  C:6943H         LINE#         75
  -------         ENDPROC       GPUUPDATE
  -------         PROC          POWEROFF
  C:6DD4H         LINE#         77
  C:6DD4H         LINE#         78
  C:6DD4H         LINE#         79
  C:6DD9H         LINE#         80
  C:6DDEH         LINE#         81
  C:6DE3H         LINE#         82
  C:6DE6H         LINE#         83
  C:6DE7H         LINE#         84
  C:6DE8H         LINE#         85
  C:6DEBH         LINE#         86
  C:6DECH         LINE#         87
  C:6DEDH         LINE#         88
  C:6DF0H         LINE#         89
  C:6DF5H         LINE#         90
  C:6DFAH         LINE#         91
  C:6DFFH         LINE#         92
  C:6E08H         LINE#         93
  C:6E11H         LINE#         94
  -------         ENDPROC       POWEROFF
  C:43CCH         SYMBOL        L?0092
  C:43D4H         SYMBOL        L?0093
  C:43DEH         SYMBOL        L?0094
  C:43E6H         SYMBOL        L?0095
  C:43F0H         SYMBOL        L?0101
  C:43FBH         SYMBOL        L?0102
  -------         PROC          MAIN
  -------         DO            
  X:0F95H         SYMBOL        test
  -------         ENDDO         
  C:4233H         LINE#         96
  C:4233H         LINE#         97
  C:4233H         LINE#         99
  C:4235H         LINE#         100
  C:4238H         LINE#         101
  C:423BH         LINE#         102
  C:423EH         LINE#         103
  C:4241H         LINE#         104
BL51 BANKED LINKER/LOCATER V6.22                                                      01/26/2021  18:03:21  PAGE 30


  C:4244H         LINE#         105
  C:4246H         LINE#         106
  C:4248H         LINE#         107
  C:424AH         LINE#         108
  C:424CH         LINE#         109
  C:424EH         LINE#         110
  C:4251H         LINE#         111
  C:4253H         LINE#         112
  C:4255H         LINE#         113
  C:4258H         LINE#         114
  C:425BH         LINE#         115
  C:425EH         LINE#         116
  C:4265H         LINE#         117
  C:4268H         LINE#         118
  C:426BH         LINE#         119
  C:426EH         LINE#         120
  C:4270H         LINE#         121
  C:4273H         LINE#         122
  C:4276H         LINE#         123
  C:4278H         LINE#         124
  C:4281H         LINE#         126
  C:4281H         LINE#         127
  C:4281H         LINE#         128
  C:4284H         LINE#         129
  C:4288H         LINE#         130
  C:4292H         LINE#         131
  C:4296H         LINE#         132
  C:42A0H         LINE#         133
  C:42A4H         LINE#         134
  C:42AEH         LINE#         135
  C:42B5H         LINE#         136
  C:42CCH         LINE#         137
  C:42CCH         LINE#         138
  C:42CCH         LINE#         139
  C:42CCH         LINE#         140
  C:42CFH         LINE#         141
  C:42D1H         LINE#         142
  C:42D1H         LINE#         143
  C:42D4H         LINE#         144
  C:42D6H         LINE#         145
  C:42D6H         LINE#         146
  C:42DDH         LINE#         147
  C:42DDH         LINE#         148
  C:42E0H         LINE#         149
  C:42E9H         LINE#         150
  C:42EBH         LINE#         152
  C:42EBH         LINE#         153
  C:4300H         LINE#         154
  C:4300H         LINE#         155
  C:4303H         LINE#         156
  C:4309H         LINE#         157
  C:430EH         LINE#         158
  C:4310H         LINE#         159
  C:4313H         LINE#         160
  C:4313H         LINE#         161
  C:4321H         LINE#         162
  C:4326H         LINE#         163
BL51 BANKED LINKER/LOCATER V6.22                                                      01/26/2021  18:03:21  PAGE 31


  C:4329H         LINE#         164
  C:432CH         LINE#         165
  C:432CH         LINE#         166
  C:432FH         LINE#         167
  C:4332H         LINE#         168
  C:4332H         LINE#         169
  C:4344H         LINE#         170
  C:4347H         LINE#         171
  C:434AH         LINE#         172
  C:434DH         LINE#         173
  C:434DH         LINE#         174
  C:4350H         LINE#         175
  C:4354H         LINE#         176
  C:435EH         LINE#         177
  C:4367H         LINE#         178
  C:436EH         LINE#         179
  C:4370H         LINE#         180
  C:4372H         LINE#         181
  C:4377H         LINE#         182
  C:437CH         LINE#         183
  C:438BH         LINE#         184
  C:438BH         LINE#         185
  C:438BH         LINE#         186
  C:438BH         LINE#         187
  C:438DH         LINE#         188
  C:4390H         LINE#         189
  C:4397H         LINE#         190
  C:4399H         LINE#         191
  C:4399H         LINE#         192
  C:439FH         LINE#         193
  C:43A2H         LINE#         194
  C:43A8H         LINE#         195
  C:43AAH         LINE#         196
  C:43AAH         LINE#         197
  C:43B1H         LINE#         198
  C:43B8H         LINE#         199
  C:43BDH         LINE#         200
  C:43BDH         LINE#         201
  C:43BDH         LINE#         202
  C:43BDH         LINE#         203
  C:43C2H         LINE#         204
  C:43C7H         LINE#         205
  C:43C9H         LINE#         206
  C:43CCH         LINE#         207
  C:43CCH         LINE#         208
  C:43CCH         LINE#         209
  -------         ENDPROC       MAIN
  -------         PROC          TIMER0_ISR
  C:3BBAH         LINE#         211
  C:3BD7H         LINE#         213
  C:3BECH         LINE#         214
  C:3BEFH         LINE#         215
  C:3BF5H         LINE#         216
  C:3BF5H         LINE#         217
  C:3BF8H         LINE#         218
  C:3C1DH         LINE#         219
  C:3C23H         LINE#         220
BL51 BANKED LINKER/LOCATER V6.22                                                      01/26/2021  18:03:21  PAGE 32


  C:3C23H         LINE#         221
  C:3C27H         LINE#         222
  C:3C29H         LINE#         223
  C:3C2BH         LINE#         224
  C:3C2DH         LINE#         225
  C:3C38H         LINE#         226
  C:3C38H         LINE#         227
  C:3C42H         LINE#         228
  C:3C42H         LINE#         229
  C:3C45H         LINE#         230
  C:3C45H         LINE#         231
  C:3C48H         LINE#         232
  C:3C48H         LINE#         233
  C:3C4BH         LINE#         234
  C:3C4DH         LINE#         235
  C:3C77H         LINE#         236
  C:3C77H         LINE#         237
  C:3C7AH         LINE#         238
  C:3C7AH         LINE#         239
  C:3C7DH         LINE#         240
  C:3C7DH         LINE#         241
  C:3C80H         LINE#         242
  C:3C80H         LINE#         245
  C:3C83H         LINE#         246
  C:3C83H         LINE#         247
  C:3C8AH         LINE#         248
  C:3C8AH         LINE#         249
  C:3C8CH         LINE#         250
  C:3C96H         LINE#         251
  C:3C99H         LINE#         253
  C:3C99H         LINE#         254
  C:3C9CH         LINE#         255
  C:3CA8H         LINE#         256
  C:3CAEH         LINE#         257
  C:3CB6H         LINE#         258
  C:3CB6H         LINE#         259
  C:3CBBH         LINE#         260
  C:3CBBH         LINE#         261
  C:3CBBH         LINE#         262
  C:3CBDH         LINE#         264
  C:3CBDH         LINE#         265
  C:3CC3H         LINE#         266
  C:3CC3H         LINE#         267
  C:3CC7H         LINE#         268
  C:3CCCH         LINE#         269
  C:3CCFH         LINE#         270
  C:3CE0H         LINE#         271
  C:3CE0H         LINE#         272
  C:3CE4H         LINE#         273
  C:3CE4H         LINE#         274
  C:3CEBH         LINE#         275
  C:3CEBH         LINE#         276
  C:3CEDH         LINE#         277
  C:3CF5H         LINE#         278
  C:3CF5H         LINE#         279
  C:3CF5H         LINE#         280
  C:3CF5H         LINE#         281
[...]
  C:5D55H         LINE#         205
  C:5D61H         LINE#         206
  C:5D61H         LINE#         207
  C:5D74H         LINE#         209
  C:5D77H         LINE#         210
  C:5D8DH         LINE#         211
  C:5D8DH         LINE#         212
  C:5DA7H         LINE#         213
  C:5DB0H         LINE#         214
  C:5DB8H         LINE#         215
  C:5DC7H         LINE#         216
  C:5DCCH         LINE#         217
  C:5DD8H         LINE#         218
  -------         ENDPROC       _MENU_ASK_NUM
  -------         PROC          _POP_MSG
  X:0FA2H         SYMBOL        tip
  -------         DO            
  X:0FA5H         SYMBOL        i
  -------         ENDDO         
  C:6564H         LINE#         220
  C:656AH         LINE#         221
  C:656AH         LINE#         223
  C:6572H         LINE#         224
  C:6575H         LINE#         225
  C:6591H         LINE#         226
  C:65A4H         LINE#         227
  C:65ABH         LINE#         228
  C:65B3H         LINE#         229
  C:65BFH         LINE#         230
  C:65C7H         LINE#         231
  C:65CFH         LINE#         232
  -------         ENDPROC       _POP_MSG
  -------         PROC          REQ_PASSWORD
  C:5B2DH         LINE#         234
  C:5B2DH         LINE#         235
  C:5B2DH         LINE#         236
  C:5B2FH         LINE#         237
  C:5B31H         LINE#         238
  C:5B46H         LINE#         239
BL51 BANKED LINKER/LOCATER V6.22                                                      01/26/2021  18:03:21  PAGE 101


  C:5B56H         LINE#         240
  C:5B5BH         LINE#         241
  C:5B5BH         LINE#         242
  C:5B5BH         LINE#         243
  C:5B5DH         LINE#         244
  C:5B6CH         LINE#         245
  C:5B74H         LINE#         246
  C:5B83H         LINE#         247
  C:5B86H         LINE#         248
  C:5B86H         LINE#         249
  C:5B88H         LINE#         250
  C:5B9AH         LINE#         251
  C:5B9AH         LINE#         252
  C:5B9AH         LINE#         253
  C:5BA2H         LINE#         254
  C:5BA4H         LINE#         255
  C:5BB1H         LINE#         256
  C:5BB3H         LINE#         257
  C:5BB5H         LINE#         258
  -------         ENDPROC       REQ_PASSWORD
  -------         ENDMOD        MENU

  -------         MODULE        SERIAL
  C:0000H         SYMBOL        _ICE_DUMMY_
  D:0092H         PUBLIC        P1M0
  D:0091H         PUBLIC        P1M1
  D:0080H         PUBLIC        P0
  C:7408H         PUBLIC        Uart2Isr
  D:00B2H         PUBLIC        P3M0
  D:0090H         PUBLIC        P1
  D:00B1H         PUBLIC        P3M1
  D:00A0H         PUBLIC        P2
  D:00B0H         PUBLIC        P3
  D:00C0H         PUBLIC        P4
  D:00C8H         PUBLIC        P5
  D:00E8H         PUBLIC        P6
  D:00F8H         PUBLIC        P7
  X:11DCH         PUBLIC        timeout
  B:0022H.4       PUBLIC        ri2
  D:00A8H         PUBLIC        IE
  C:72B4H         PUBLIC        _rf_set_rfid
  C:72E2H         PUBLIC        _rf_set_dvid
  C:6F04H         PUBLIC        _rf_set_power
  D:00B8H         PUBLIC        IP
  C:7130H         PUBLIC        serial_init
  B:0098H.0       PUBLIC        RI
  B:0098H.1       PUBLIC        TI
  C:7699H         PUBLIC        _serial1_sendstr
  C:76F3H         PUBLIC        _serial2_sendstr
  C:78DBH         PUBLIC        _serial_set_timeout
  B:00B8H.4       PUBLIC        PS
  C:77FEH         PUBLIC        rf_enable
  D:00D8H         PUBLIC        CCON
  D:0099H         PUBLIC        SBUF
  B:0090H.0       PUBLIC        P10
  B:0090H.1       PUBLIC        P11
  B:00B0H.0       PUBLIC        P30
BL51 BANKED LINKER/LOCATER V6.22                                                      01/26/2021  18:03:21  PAGE 102


  D:0098H         PUBLIC        SCON
  B:00B0H.1       PUBLIC        P31
  C:71F7H         PUBLIC        serial2_read
  B:00C0H.2       PUBLIC        JDY_SET
  D:0088H         PUBLIC        TCON
  X:11DEH         PUBLIC        tmps2buf
  D:00AFH         PUBLIC        IE2
  D:008EH         PUBLIC        AUXR
  C:78B4H         PUBLIC        _serial2_send
  B:0022H.5       PUBLIC        busy
  C:6F7BH         PUBLIC        _rf_set_channel
  D:00B5H         PUBLIC        IP2
  D:00D6H         PUBLIC        T2H
  D:00D7H         PUBLIC        T2L
  B:0022H.6       PUBLIC        en
  B:00B8H.1       PUBLIC        PT0
  B:00B0H.5       PUBLIC        JDY_CS
  D:009BH         PUBLIC        S2BUF
  D:009AH         PUBLIC        S2CON
  C:6335H         PUBLIC        _serial1_getdata
  C:68B7H         PUBLIC        _serial2_getdata
  D:00D0H         PUBLIC        PSW
  C:614FH         SYMBOL        Com002C
  C:614FH         SYMBOL        L?0045
  C:615DH         SYMBOL        L?0046
  C:616BH         SYMBOL        L?0047
  C:6170H         SYMBOL        L?0048
  C:6172H         SYMBOL        L?0049
  C:617BH         SYMBOL        L?0050
  C:6186H         SYMBOL        L?0051
  C:6187H         SYMBOL        L?0052
  C:618EH         SYMBOL        L?0053
  C:61A9H         SYMBOL        L?0054
  C:61A9H         SYMBOL        L?0055
  C:61B1H         SYMBOL        L?0056
  C:61BEH         SYMBOL        L?0057
  -------         PROC          COM002C
  -------         ENDPROC       COM002C
  -------         PROC          SERIAL_INIT
  C:7130H         LINE#         8
  C:7130H         LINE#         9
  C:7130H         LINE#         11
  C:7133H         LINE#         12
  C:7136H         LINE#         13
  C:7139H         LINE#         14
  C:713CH         LINE#         15
  C:713FH         LINE#         16
  C:7142H         LINE#         17
  C:7144H         LINE#         18
  C:7147H         LINE#         19
  C:7149H         LINE#         21
  C:714CH         LINE#         22
  C:714FH         LINE#         23
  C:7152H         LINE#         24
  C:7157H         LINE#         25
  C:7162H         LINE#         26
  -------         ENDPROC       SERIAL_INIT
BL51 BANKED LINKER/LOCATER V6.22                                                      01/26/2021  18:03:21  PAGE 103


  -------         PROC          _SERIAL_SET_TIMEOUT
  D:0006H         SYMBOL        _timeout
  C:78DBH         LINE#         27
  C:78DBH         LINE#         28
  C:78DBH         LINE#         29
  C:78E3H         LINE#         30
  -------         ENDPROC       _SERIAL_SET_TIMEOUT
  -------         PROC          _SERIAL1_SENDSTR
  D:0001H         SYMBOL        str
  C:7699H         LINE#         31
  C:7699H         LINE#         32
  C:7699H         LINE#         33
  C:769BH         LINE#         34
  C:76A0H         LINE#         35
  C:76A0H         LINE#         36
  C:76A2H         LINE#         37
  C:76A5H         LINE#         38
  C:76A7H         LINE#         39
  C:76AEH         LINE#         40
  C:76B0H         LINE#         41
  -------         ENDPROC       _SERIAL1_SENDSTR
  -------         PROC          _SERIAL2_SEND
  D:0007H         SYMBOL        dat
  C:78B4H         LINE#         42
  C:78B4H         LINE#         43
  C:78B4H         LINE#         44
  C:78B7H         LINE#         45
  C:78BAH         LINE#         46
  C:78BCH         LINE#         47
  C:78BEH         LINE#         48
  -------         ENDPROC       _SERIAL2_SEND
  -------         PROC          SERIAL2_READ
  -------         DO            
  X:0F98H         SYMBOL        start
  -------         ENDDO         
  C:71F7H         LINE#         49
  C:71F7H         LINE#         50
  C:71F7H         LINE#         51
  C:7201H         LINE#         53
  C:7204H         LINE#         54
  C:7204H         LINE#         55
  C:721FH         LINE#         56
  C:721FH         LINE#         57
  C:7221H         LINE#         58
  C:7226H         LINE#         59
  -------         ENDPROC       SERIAL2_READ
  -------         PROC          _SERIAL2_SENDSTR
  D:0001H         SYMBOL        str
  C:76F3H         LINE#         60
  C:76F3H         LINE#         61
  C:76F3H         LINE#         62
  C:76F6H         LINE#         63
  C:76FCH         LINE#         64
  C:76FCH         LINE#         65
  C:76FFH         LINE#         66
  C:7706H         LINE#         67
  C:7708H         LINE#         68
BL51 BANKED LINKER/LOCATER V6.22                                                      01/26/2021  18:03:21  PAGE 104


  -------         ENDPROC       _SERIAL2_SENDSTR
  -------         PROC          _SERIAL1_GETDATA
  X:11B4H         SYMBOL        buffer
  X:11B7H         SYMBOL        size
  -------         DO            
  X:11B9H         SYMBOL        start
  X:11BDH         SYMBOL        i
  -------         ENDDO         
  C:6335H         LINE#         69
  C:6338H         LINE#         70
  C:6338H         LINE#         71
  C:6342H         LINE#         72
  C:6349H         LINE#         73
  C:634BH         LINE#         74
  C:6355H         LINE#         75
  C:6355H         LINE#         76
  C:6358H         LINE#         77
  C:6358H         LINE#         78
  C:6372H         LINE#         79
  C:6372H         LINE#         80
  C:6374H         LINE#         81
  C:6387H         LINE#         82
  C:6395H         LINE#         83
  C:63A3H         LINE#         84
  C:63A6H         LINE#         85
  C:63A7H         LINE#         86
  -------         ENDPROC       _SERIAL1_GETDATA
  -------         PROC          _SERIAL2_GETDATA
  X:11BFH         SYMBOL        buffer
  X:11C2H         SYMBOL        size
  -------         DO            
  X:11C4H         SYMBOL        start
  X:11C8H         SYMBOL        i
  -------         ENDDO         
  C:68B7H         LINE#         87
  C:68BAH         LINE#         88
  C:68BAH         LINE#         89
  C:68C4H         LINE#         90
  C:68CBH         LINE#         91
  C:68CEH         LINE#         92
  C:68D8H         LINE#         93
  C:68D8H         LINE#         94
  C:68EBH         LINE#         95
  C:68F9H         LINE#         96
  C:6907H         LINE#         97
  C:6909H         LINE#         98
  C:690AH         LINE#         99
  -------         ENDPROC       _SERIAL2_GETDATA
  -------         PROC          _RF_SET_RFID
  X:0F96H         SYMBOL        rfid
  C:72B4H         LINE#         100
  C:72B7H         LINE#         101
  C:72B7H         LINE#         102
  C:72B7H         LINE#         103
  C:72BDH         LINE#         104
  C:72D0H         LINE#         105
  C:72D6H         LINE#         106
BL51 BANKED LINKER/LOCATER V6.22                                                      01/26/2021  18:03:21  PAGE 105


  C:72D9H         LINE#         107
  C:72DFH         LINE#         108
  C:72E1H         LINE#         109
  -------         ENDPROC       _RF_SET_RFID
  -------         PROC          _RF_SET_DVID
  X:0F96H         SYMBOL        dvid
  C:72E2H         LINE#         110
  C:72E5H         LINE#         111
  C:72E5H         LINE#         112
  C:72E5H         LINE#         113
  C:72EBH         LINE#         114
  C:72FEH         LINE#         115
  C:7304H         LINE#         116
  C:7307H         LINE#         117
  C:730DH         LINE#         118
  C:730FH         LINE#         119
  -------         ENDPROC       _RF_SET_DVID
  -------         PROC          _RF_SET_POWER
  X:11E1H         SYMBOL        power
  C:6F04H         LINE#         120
  C:6F09H         LINE#         121
  C:6F09H         LINE#         122
  C:6F11H         LINE#         123
  C:6F11H         LINE#         124
  C:6F17H         LINE#         125
  C:6F2EH         LINE#         126
  C:6F34H         LINE#         127
  C:6F37H         LINE#         128
  C:6F3DH         LINE#         129
  C:6F3FH         LINE#         130
  -------         ENDPROC       _RF_SET_POWER
  -------         PROC          _RF_SET_CHANNEL
  X:0F96H         SYMBOL        channel
  C:6F7BH         LINE#         132
  C:6F80H         LINE#         133
  C:6F80H         LINE#         134
  C:6F87H         LINE#         135
  C:6F87H         LINE#         136
  C:6F8DH         LINE#         137
  C:6FA4H         LINE#         138
  C:6FAAH         LINE#         139
  C:6FADH         LINE#         140
  C:6FB3H         LINE#         141
  C:6FB5H         LINE#         142
  -------         ENDPROC       _RF_SET_CHANNEL
  -------         PROC          RF_ENABLE
  B:0021H.2       SYMBOL        enable
  C:77FEH         LINE#         145
  C:77FEH         LINE#         146
  C:77FEH         LINE#         156
  C:7805H         LINE#         157
  C:7808H         LINE#         158
  -------         ENDPROC       RF_ENABLE
  -------         PROC          UART2ISR
  C:7408H         LINE#         162
  C:740EH         LINE#         164
  C:7413H         LINE#         165
BL51 BANKED LINKER/LOCATER V6.22                                                      01/26/2021  18:03:21  PAGE 106


  C:7413H         LINE#         166
  C:7416H         LINE#         167
  C:7418H         LINE#         168
  C:7418H         LINE#         169
  C:741DH         LINE#         170
  C:741DH         LINE#         171
  C:7420H         LINE#         172
  C:7422H         LINE#         173
  C:7428H         LINE#         174
  C:7428H         LINE#         175
  -------         ENDPROC       UART2ISR
  -------         ENDMOD        SERIAL

  -------         MODULE        ?C?COPY
  C:1362H         PUBLIC        ?C?COPY
  -------         ENDMOD        ?C?COPY

  -------         MODULE        ?C?SCDIV
  C:1388H         PUBLIC        ?C?SCDIV
  -------         ENDMOD        ?C?SCDIV

  -------         MODULE        ?C?CLDPTR
  C:13AAH         PUBLIC        ?C?CLDPTR
  -------         ENDMOD        ?C?CLDPTR

  -------         MODULE        ?C?CLDOPTR
  C:13C3H         PUBLIC        ?C?CLDOPTR
  -------         ENDMOD        ?C?CLDOPTR

  -------         MODULE        ?C?CSTPTR
  C:13F0H         PUBLIC        ?C?CSTPTR
  -------         ENDMOD        ?C?CSTPTR

  -------         MODULE        ?C?CSTOPTR
  C:1402H         PUBLIC        ?C?CSTOPTR
  -------         ENDMOD        ?C?CSTOPTR

  -------         MODULE        ?C?IMUL
  C:1424H         PUBLIC        ?C?IMUL
  -------         ENDMOD        ?C?IMUL

  -------         MODULE        ?C?UIDIV
  C:1436H         PUBLIC        ?C?UIDIV
  -------         ENDMOD        ?C?UIDIV

  -------         MODULE        ?C?IILDX
  C:148BH         PUBLIC        ?C?IILDX
  -------         ENDMOD        ?C?IILDX

  -------         MODULE        ?C?ILDIX
  C:14A1H         PUBLIC        ?C?ILDIX
  -------         ENDMOD        ?C?ILDIX

  -------         MODULE        ?C?ILDOPTR
  C:14B7H         PUBLIC        ?C?ILDOPTR
  -------         ENDMOD        ?C?ILDOPTR

BL51 BANKED LINKER/LOCATER V6.22                                                      01/26/2021  18:03:21  PAGE 107


  -------         MODULE        ?C?ISTOPTR
  C:14EFH         PUBLIC        ?C?ISTOPTR
  -------         ENDMOD        ?C?ISTOPTR

  -------         MODULE        ?C?LMUL
  C:151CH         PUBLIC        ?C?LMUL
  -------         ENDMOD        ?C?LMUL

  -------         MODULE        ?C?ULDIV
  C:15A7H         PUBLIC        ?C?ULDIV
  -------         ENDMOD        ?C?ULDIV

  -------         MODULE        ?C?SLDIV
  C:6C86H         PUBLIC        ?C?SLDIV
  -------         ENDMOD        ?C?SLDIV

  -------         MODULE        ?C?ULCMP
  C:1639H         PUBLIC        ?C?ULCMP
  -------         ENDMOD        ?C?ULCMP

  -------         MODULE        ?C?ULSHR
  C:164AH         PUBLIC        ?C?ULSHR
  -------         ENDMOD        ?C?ULSHR

  -------         MODULE        ?C?LSTXDATA
  C:165DH         PUBLIC        ?C?LSTXDATA
  -------         ENDMOD        ?C?LSTXDATA

  -------         MODULE        ?C?LSTKXDATA
  C:1669H         PUBLIC        ?C?LSTKXDATA
  -------         ENDMOD        ?C?LSTKXDATA

  -------         MODULE        ?C?PLDOPTR
  C:169AH         PUBLIC        ?C?PLDOPTR
  -------         ENDMOD        ?C?PLDOPTR

  -------         MODULE        ?C?ICALL
  C:16CAH         PUBLIC        ?C?ICALL
  C:16CEH         PUBLIC        ?C?ICALL2
  -------         ENDMOD        ?C?ICALL

  -------         MODULE        ?C?LIMUL
  C:16D0H         PUBLIC        ?C?LIMUL
  -------         ENDMOD        ?C?LIMUL

  -------         MODULE        PRINTF
  X:109EH         PUBLIC        ?_PRINTF517?BYTE
  X:109EH         PUBLIC        ?_PRINTF?BYTE
  X:109EH         PUBLIC        ?_SPRINTF517?BYTE
  X:109EH         PUBLIC        ?_SPRINTF?BYTE
  C:324EH         PUBLIC        _PRINTF
  C:324EH         PUBLIC        _PRINTF517
  C:3248H         PUBLIC        _SPRINTF
  C:3248H         PUBLIC        _SPRINTF517
  -------         ENDMOD        PRINTF

  -------         MODULE        ABS
BL51 BANKED LINKER/LOCATER V6.22                                                      01/26/2021  18:03:21  PAGE 108


  C:7892H         PUBLIC        _ABS
  -------         ENDMOD        ABS

  -------         MODULE        ?C?STRCMP
  C:187BH         PUBLIC        ?C?STRCMP
  -------         ENDMOD        ?C?STRCMP

  -------         MODULE        STRLEN
  C:7709H         PUBLIC        _STRLEN
  -------         ENDMOD        STRLEN

  -------         MODULE        ?C?MEMSET
  C:1898H         PUBLIC        ?C?MEMSET
  -------         ENDMOD        ?C?MEMSET

  -------         MODULE        ?C?PLDIDATA
  C:18C4H         PUBLIC        ?C?PLDIDATA
  -------         ENDMOD        ?C?PLDIDATA

  -------         MODULE        ?C?PLDXDATA
  C:18CDH         PUBLIC        ?C?PLDXDATA
  -------         ENDMOD        ?C?PLDXDATA

  -------         MODULE        ?C?PLDIXDATA
  C:18D6H         PUBLIC        ?C?PLDIXDATA
  -------         ENDMOD        ?C?PLDIXDATA

  -------         MODULE        ?C?PSTXDATA
  C:18EDH         PUBLIC        ?C?PSTXDATA
  -------         ENDMOD        ?C?PSTXDATA

  -------         MODULE        ?C?PLDPDATA
  C:18F6H         PUBLIC        ?C?PLDPDATA
  -------         ENDMOD        ?C?PLDPDATA

  -------         MODULE        ?C?PLDCODE
  C:18FFH         PUBLIC        ?C?PLDCODE
  -------         ENDMOD        ?C?PLDCODE

  -------         MODULE        ?C?CCASE
  C:190BH         PUBLIC        ?C?CCASE
  -------         ENDMOD        ?C?CCASE

  -------         MODULE        PUTCHAR
  C:742FH         PUBLIC        _PUTCHAR
  -------         ENDMOD        PUTCHAR

*** WARNING L16: UNCALLED SEGMENT, IGNORED FOR OVERLAY PROCESS
    SEGMENT: ?PR?_OLED_WR_DAT?OLED

*** WARNING L16: UNCALLED SEGMENT, IGNORED FOR OVERLAY PROCESS
    SEGMENT: ?PR?_OLED_DRAW_LINE?OLED

*** WARNING L16: UNCALLED SEGMENT, IGNORED FOR OVERLAY PROCESS
    SEGMENT: ?PR?_RTC_OFFSET?RTC

*** WARNING L16: UNCALLED SEGMENT, IGNORED FOR OVERLAY PROCESS
BL51 BANKED LINKER/LOCATER V6.22                                                      01/26/2021  18:03:21  PAGE 109


    SEGMENT: ?PR?_ISINT?TERMINAL

*** WARNING L16: UNCALLED SEGMENT, IGNORED FOR OVERLAY PROCESS
    SEGMENT: ?PR?RTC_ALARM_ENABLED?ALARM

*** WARNING L16: UNCALLED SEGMENT, IGNORED FOR OVERLAY PROCESS
    SEGMENT: ?PR?_SERIAL1_GETDATA?SERIAL

*** WARNING L16: UNCALLED SEGMENT, IGNORED FOR OVERLAY PROCESS
    SEGMENT: ?PR?_SERIAL2_GETDATA?SERIAL

*** WARNING L16: UNCALLED SEGMENT, IGNORED FOR OVERLAY PROCESS
    SEGMENT: ?PR?_RF_SET_POWER?SERIAL

*** WARNING L15: MULTIPLE CALL TO SEGMENT
    SEGMENT: ?PR?_OLED_DRAW_BITMAP_FAST?OLED
    CALLER1: ?C_C51STARTUP
    CALLER2: ?PR?GPUUPDATE?MAIN

Program Size: data=39.2 xdata=4578 code=30957
LINK/LOCATE RUN COMPLETE.  9 WARNING(S),  0 ERROR(S)
